Archive member included because of file (symbol)

/opt/microchip/xc32/v1.44/bin/bin/../../lib/gcc/pic32mx/4.8.3/../../../../pic32mx/lib/micromips/libpic32.a(strlen.o)
                              build/uart/production/main.o (strlen)
/opt/microchip/xc32/v1.44/bin/bin/../../lib/gcc/pic32mx/4.8.3/../../../../pic32mx/lib/micromips/libpic32.a(default-on-reset.o)
                              /opt/microchip/xc32/v1.44/bin/bin/../../lib/gcc/pic32mx/4.8.3/../../../../pic32mx/lib/./proc/32MM0064GPL028/crt0_micromips.o (_on_reset)
/opt/microchip/xc32/v1.44/bin/bin/../../lib/gcc/pic32mx/4.8.3/../../../../pic32mx/lib/micromips/libpic32.a(default-on-bootstrap.o)
                              /opt/microchip/xc32/v1.44/bin/bin/../../lib/gcc/pic32mx/4.8.3/../../../../pic32mx/lib/./proc/32MM0064GPL028/crt0_micromips.o (_on_bootstrap)
/opt/microchip/xc32/v1.44/bin/bin/../../lib/gcc/pic32mx/4.8.3/../../../../pic32mx/lib/micromips/libpic32.a(default-nmi-handler.o)
                              /opt/microchip/xc32/v1.44/bin/bin/../../lib/gcc/pic32mx/4.8.3/../../../../pic32mx/lib/./proc/32MM0064GPL028/crt0_micromips.o (_nmi_handler)
/opt/microchip/xc32/v1.44/bin/bin/../../lib/gcc/pic32mx/4.8.3/../../../../pic32mx/lib/micromips/libpic32.a(vector0.o)
                              /opt/microchip/xc32/v1.44/bin/bin/../../lib/gcc/pic32mx/4.8.3/../../../../pic32mx/lib/./proc/32MM0064GPL028/default_isr_vectors.o (__vector_dispatch_0)
/opt/microchip/xc32/v1.44/bin/bin/../../lib/gcc/pic32mx/4.8.3/../../../../pic32mx/lib/micromips/libpic32.a(vector1.o)
                              /opt/microchip/xc32/v1.44/bin/bin/../../lib/gcc/pic32mx/4.8.3/../../../../pic32mx/lib/./proc/32MM0064GPL028/default_isr_vectors.o (__vector_dispatch_1)
/opt/microchip/xc32/v1.44/bin/bin/../../lib/gcc/pic32mx/4.8.3/../../../../pic32mx/lib/micromips/libpic32.a(vector2.o)
                              /opt/microchip/xc32/v1.44/bin/bin/../../lib/gcc/pic32mx/4.8.3/../../../../pic32mx/lib/./proc/32MM0064GPL028/default_isr_vectors.o (__vector_dispatch_2)
/opt/microchip/xc32/v1.44/bin/bin/../../lib/gcc/pic32mx/4.8.3/../../../../pic32mx/lib/micromips/libpic32.a(vector3.o)
                              /opt/microchip/xc32/v1.44/bin/bin/../../lib/gcc/pic32mx/4.8.3/../../../../pic32mx/lib/./proc/32MM0064GPL028/default_isr_vectors.o (__vector_dispatch_3)
/opt/microchip/xc32/v1.44/bin/bin/../../lib/gcc/pic32mx/4.8.3/../../../../pic32mx/lib/micromips/libpic32.a(vector4.o)
                              /opt/microchip/xc32/v1.44/bin/bin/../../lib/gcc/pic32mx/4.8.3/../../../../pic32mx/lib/./proc/32MM0064GPL028/default_isr_vectors.o (__vector_dispatch_4)
/opt/microchip/xc32/v1.44/bin/bin/../../lib/gcc/pic32mx/4.8.3/../../../../pic32mx/lib/micromips/libpic32.a(vector5.o)
                              /opt/microchip/xc32/v1.44/bin/bin/../../lib/gcc/pic32mx/4.8.3/../../../../pic32mx/lib/./proc/32MM0064GPL028/default_isr_vectors.o (__vector_dispatch_5)
/opt/microchip/xc32/v1.44/bin/bin/../../lib/gcc/pic32mx/4.8.3/../../../../pic32mx/lib/micromips/libpic32.a(vector6.o)
                              /opt/microchip/xc32/v1.44/bin/bin/../../lib/gcc/pic32mx/4.8.3/../../../../pic32mx/lib/./proc/32MM0064GPL028/default_isr_vectors.o (__vector_dispatch_6)
/opt/microchip/xc32/v1.44/bin/bin/../../lib/gcc/pic32mx/4.8.3/../../../../pic32mx/lib/micromips/libpic32.a(vector7.o)
                              /opt/microchip/xc32/v1.44/bin/bin/../../lib/gcc/pic32mx/4.8.3/../../../../pic32mx/lib/./proc/32MM0064GPL028/default_isr_vectors.o (__vector_dispatch_7)
/opt/microchip/xc32/v1.44/bin/bin/../../lib/gcc/pic32mx/4.8.3/../../../../pic32mx/lib/micromips/libpic32.a(vector8.o)
                              /opt/microchip/xc32/v1.44/bin/bin/../../lib/gcc/pic32mx/4.8.3/../../../../pic32mx/lib/./proc/32MM0064GPL028/default_isr_vectors.o (__vector_dispatch_8)
/opt/microchip/xc32/v1.44/bin/bin/../../lib/gcc/pic32mx/4.8.3/../../../../pic32mx/lib/micromips/libpic32.a(vector9.o)
                              /opt/microchip/xc32/v1.44/bin/bin/../../lib/gcc/pic32mx/4.8.3/../../../../pic32mx/lib/./proc/32MM0064GPL028/default_isr_vectors.o (__vector_dispatch_9)
/opt/microchip/xc32/v1.44/bin/bin/../../lib/gcc/pic32mx/4.8.3/../../../../pic32mx/lib/micromips/libpic32.a(vector10.o)
                              /opt/microchip/xc32/v1.44/bin/bin/../../lib/gcc/pic32mx/4.8.3/../../../../pic32mx/lib/./proc/32MM0064GPL028/default_isr_vectors.o (__vector_dispatch_10)
/opt/microchip/xc32/v1.44/bin/bin/../../lib/gcc/pic32mx/4.8.3/../../../../pic32mx/lib/micromips/libpic32.a(vector11.o)
                              /opt/microchip/xc32/v1.44/bin/bin/../../lib/gcc/pic32mx/4.8.3/../../../../pic32mx/lib/./proc/32MM0064GPL028/default_isr_vectors.o (__vector_dispatch_11)
/opt/microchip/xc32/v1.44/bin/bin/../../lib/gcc/pic32mx/4.8.3/../../../../pic32mx/lib/micromips/libpic32.a(vector12.o)
[...]
Memory Configuration

Name             Origin             Length             Attributes
kseg0_program_mem 0x9d000000         0x00010000         xr
kseg1_boot_mem   0xbfc00000         0x00000490
debug_exec_mem   0x9fc00490         0x00001270
configsfrs       0xbfc01740         0x000000a8
kseg0_data_mem   0x80000000         0x00002000         w !x
sfrs             0xbf800000         0x00100000
*default*        0x00000000         0xffffffff

Linker script and memory map

LOAD /opt/microchip/xc32/v1.44/bin/bin/../../lib/gcc/pic32mx/4.8.3/../../../../pic32mx/lib/./proc/32MM0064GPL028/crt0_micromips.o
LOAD /opt/microchip/xc32/v1.44/bin/bin/../../lib/gcc/pic32mx/4.8.3/../../../../pic32mx/lib/micromips/debug-exception-return-mm.o
LOAD build/uart/production/main.o
LOAD build/uart/production/ezbl_integration/ex_boot_uart_pic32mm.merge.o
LOAD ezbl_integration/ezbl_lib32mm.a
                0x00000001                __MPLAB_BUILD = 0x1
                0x00000002                _APPID_VER_MAJOR = 0x2
                0x0000000a                _APPID_VER_MINOR = 0xa
                0x00000f1c                _APPID_VER_BUILD = 0xf1c
                0x00000400                PROVIDE (_min_stack_size, 0x400)
LOAD /opt/microchip/xc32/v1.44/bin/bin/../../lib/gcc/pic32mx/4.8.3/../../../../pic32mx/lib/./proc/32MM0064GPL028/processor.o
                0x9d000000                PROVIDE (EZBL_BOOTLOADER_START, 0x9d000000)
                0x00000000                PROVIDE (EZBL_BOOTLOADER_SIZE, 0x0)
                0x9d002000                EZBL_BOOTLOADER_END = ALIGN ((EZBL_BOOTLOADER_START + EZBL_BOOTLOADER_SIZE), 0x800)
                0x9d002000                PROVIDE (EZBL_APP_START, EZBL_BOOTLOADER_END)
                0x9d010000                PROVIDE (EZBL_APP_END, (ORIGIN (kseg0_program_mem) + 0x10000))
                0x9d000000                EZBL_BOOT_ebase_address = ALIGN (EZBL_BOOTLOADER_START, 0x1000)
                0x9d002000                EZBL_APP_ebase_address = ALIGN (EZBL_APP_START, 0x1000)
                0x9d002000                PROVIDE (_ebase_address, DEFINED (EZBL_BOOT_PROJECT)?EZBL_BOOT_ebase_address:EZBL_APP_ebase_address)
                0x00000001                PROVIDE (_vector_spacing, 0x1)
                0x9d002140                _BEV_EXCPT_ADDR = (_ebase_address + 0x140)
                0x9d002160                _DBG_EXCPT_ADDR = (_ebase_address + 0x160)
                0x9d002180                _GEN_EXCPT_ADDR = (_ebase_address + 0x180)
                0x9d002200                _MVEC_INT_BASE_ADDR = (_ebase_address + 0x200)
                0x9d002800                _RESET_ADDR = (_ebase_address + 0x800)
                0x9fc00490                _DBG_CODE_ADDR = 0x9fc00490
                0x00000760                _DBG_CODE_SIZE = 0x760
                0x9d002000                EZBL_appBootloadState = EZBL_APP_START
                0x9d002801                EZBL_AppEntry = (EZBL_APP_ebase_address + 0x801)
                0x00002000                EZBL_BOOTLOADER_SIZE = 0x2000

EZBL_ROM_AT_0xBFC00000
                0xbfc00000     0x1700
 *(EZBL_ROM_AT_0xBFC00000)
 EZBL_ROM_AT_0xBFC00000
                0xbfc00000     0x1700 build/uart/production/ezbl_integration/ex_boot_uart_pic32mm.merge.o
                0xbfc00001                EZBL_VectorDispatch0000
                0xbfc0015b                __EZBL_WriteROMEx
                0xbfc00381                EZBL_VectorDispatch0380
                0xbfc00401                EZBL_VectorDispatch0400
                0xbfc00481                EZBL_VectorDispatch0480

EZBL_BTLDR_CONFIG_WORD_configsfrs
                0xbfc017c0       0x20
 *(EZBL_BTLDR_CONFIG_WORD_configsfrs)
 EZBL_BTLDR_CONFIG_WORD_configsfrs
                0xbfc017c0       0x20 build/uart/production/ezbl_integration/ex_boot_uart_pic32mm.merge.o

EZBL_ROM_AT_0x9D000000
                0x9d000000     0x2000
 *(EZBL_ROM_AT_0x9D000000)
 EZBL_ROM_AT_0x9D000000
                0x9d000000     0x2000 build/uart/production/ezbl_integration/ex_boot_uart_pic32mm.merge.o
                0x9d000001                NOW_CORETMR_ResetConst
                0x9d00001d                __vector_dispatch_23
                0x9d000029                __vector_dispatch_24
                0x9d000031                EZBL_ErasePage
                0x9d00014d                EZBL_FIFOReset
                0x9d000169                LEDOff
                0x9d00018d                UART1_ResetBRG
                0x9d0002b5                NOW_EnableInterrupts
                0x9d0002b5                NOW_IntEnable
                0x9d000359                InitializeBoard
                0x9d000505                EZBL_BootloaderTask
                0x9d00064d                UART1_RXInterruptFunc
                0x9d00076d                EZBL_EraseAppSpace
                0x9d0007fb                EZBL_FIFORead
                0x9d0009cd                EZBL_Install2Flash
                0x9d0010d5                EZBL_FIFOSetBaud
                0x9d0011b3                UART1_RXTXInterrupt
                0x9d00128f                UART1_TX_FIFO_OnWrite
                0x9d001355                EZBL_RdIntFlag
                0x9d001359                EZBL_InvIntFlag
                0x9d00135d                EZBL_ClrIntFlag
                0x9d00135f                EZBL_WrIntFlag
                0x9d001363                EZBL_SetIntFlag
                0x9d00138b                EZBL_RdIntEn
                0x9d00138f                EZBL_InvIntEn
                0x9d001393                EZBL_ClrIntEn
                0x9d001395                EZBL_WrIntEn
                0x9d001399                EZBL_SetIntEn
                0x9d0013a5                EZBL_RdIntPri
                0x9d0013a9                EZBL_WrIntPri
                0x9d0013cd                EZBL_FIFOGetIntPri
                0x9d0013d1                EZBL_FIFOSetIntPri
                0x9d0013dd                EZBL_FIFOGetInt
                0x9d0013e1                EZBL_FIFOIntClear
                0x9d0013e3                EZBL_FIFOIntFlagSet
                0x9d0013e7                EZBL_FIFOIntRaise
                0x9d0013fb                EZBL_FIFOGetIntEn
                0x9d0013ff                EZBL_FIFOIntDisable
                0x9d001401                EZBL_FIFOIntEnableSet
                0x9d001405                EZBL_FIFOIntEnable
                0x9d0014b3                EZBL_RestoreAppErasableInRAMPage
                0x9d00153f                UART1_RX_FIFO_OnRead
                0x9d0015cb                UART1_TXInterruptFunc
                0x9d001657                UART1_TX_FIFO_Flush
                0x9d0016e1                EZBL_VerifyROM
                0x9d001767                EZBL_FIFOWrite
                0x9d0017eb                _general_exception_context
                0x9d00186b                EZBL_MapWriteEx
                0x9d00186f                EZBL_MapWrite
                0x9d001873                EZBL_MapClrEx
                0x9d001877                EZBL_MapClr
                0x9d00187b                EZBL_MapSetEx
                0x9d00187f                EZBL_MapSet
                0x9d001883                EZBL_MapInvEx
                0x9d001887                EZBL_MapInv
                0x9d001955                EZBL_ForwardIRQ
                0x9d0019b9                EZBL_FIFOFlush
                0x9d001a55                EZBL_RAMCopy
                0x9d001ae1                EZBL_ForwardAllIRQ
                0x9d001ba1                EZBL_IsPageErased
                0x9d001be1                EZBL_PreInstall
                0x9d001c15                _bootstrap_exception_handler
                0x9d001c49                _general_exception_handler
                0x9d001c7d                EZBL_CRC32
                0x9d001caf                EZBL_AddrInTable
                0x9d001ce1                _DefaultInterrupt
                0x9d001d11                EZBL_mon_putc
                0x9d001d11                _mon_putc
                0x9d001d3d                EZBL_CalcUxBRGH
                0x9d001d67                EZBL_mon_getc
                0x9d001d67                _mon_getc
                0x9d001d8d                NOW_Wait
                0x9d001daf                NOW_32
                0x9d001daf                NOW_64
                0x9d001dcf                EZBL_RAMCompare
                0x9d001e05                EZBL_RAMCopyEx
                0x9d001e29                LEDToggle
                0x9d001e35                EZBL_WriteROMEx
                0x9d001e3f                EZBL_FIFOPeek

EZBL_appBootloadState
                0x9d002000       0x18
 *(.EZBL_appBootloadState*)
 .EZBL_appBootloadState
                0x9d002000       0x18 build/uart/production/ezbl_integration/ex_boot_uart_pic32mm.merge.o
                0x9d002000                EZBL_appIDVer

.config_BFC01740
 *(.config_BFC01740)

.config_BFC01744
 *(.config_BFC01744)

.config_BFC01748
 *(.config_BFC01748)

.config_BFC0174C
 *(.config_BFC0174C)

.config_BFC01750
 *(.config_BFC01750)

.config_BFC01754
 *(.config_BFC01754)

.config_BFC01758
 *(.config_BFC01758)

.config_BFC0175C
 *(.config_BFC0175C)

.config_BFC01760
 *(.config_BFC01760)

.config_BFC01764
 *(.config_BFC01764)

.config_BFC017C0
 *(.config_BFC017C0)

.config_BFC017C4
 *(.config_BFC017C4)

.config_BFC017C8
 *(.config_BFC017C8)

.config_BFC017CC
 *(.config_BFC017CC)

.config_BFC017D0
 *(.config_BFC017D0)

.config_BFC017D4
 *(.config_BFC017D4)

.config_BFC017D8
 *(.config_BFC017D8)

.config_BFC017DC
 *(.config_BFC017DC)

.config_BFC017E0
 *(.config_BFC017E0)

.config_BFC017E4
 *(.config_BFC017E4)

.text.EZBL_BootFlashFunc
 *(.text.EZBL_BootFlashFunc*)

.dbg_code       0x9fc00490     0x1270
                0x9fc01700                . = (. + DEFINED (_DEBUGGER)?0x0:0x1270)
 *fill*         0x9fc00490     0x1270 

.reset          0x9d002800      0x1cc
 *(.reset)
 .reset         0x9d002800        0x8 /opt/microchip/xc32/v1.44/bin/bin/../../lib/gcc/pic32mx/4.8.3/../../../../pic32mx/lib/./proc/32MM0064GPL028/crt0_micromips.o
                0x9d002801                _reset
 *(.reset.startup)
 .reset.startup
                0x9d002808      0x1c4 /opt/microchip/xc32/v1.44/bin/bin/../../lib/gcc/pic32mx/4.8.3/../../../../pic32mx/lib/./proc/32MM0064GPL028/crt0_micromips.o
                0x9d002809                _startup

.bev_excpt      0x9d002140        0xc
 *(.bev_handler)
 .bev_handler   0x9d002140        0xc /opt/microchip/xc32/v1.44/bin/bin/../../lib/gcc/pic32mx/4.8.3/../../../../pic32mx/lib/./proc/32MM0064GPL028/crt0_micromips.o

.dbg_excpt      0x9d002160        0x8
                0x9d002168                . = (. + 0x8)
 *fill*         0x9d002160        0x8 

.gen_excpt      0x9d002180        0xc
 *EZBL*(.gen_handler)
 *(EXCLUDE_FILE(*EZBL*) .gen_handler)
 .gen_handler   0x9d002180        0xc /opt/microchip/xc32/v1.44/bin/bin/../../lib/gcc/pic32mx/4.8.3/../../../../pic32mx/lib/./proc/32MM0064GPL028/crt0_micromips.o

/DISCARD/
 *(._debug_exception)
 vector?.o(.vector_*)
 vector??.o(.vector_*)
 vector???.o(.vector_*)
 *(.pdr)
 *(.rel.dyn)
 *(.note.GNU-stack)
 *(.note.GNU-stack)
 *(.gnu_debuglink)
 *(.gnu.lto_*)
 *(.discard)

.text.EZBL_RemappedVectors
                0x9d002018        0x8
                0x9d002018        0x4 LONG 0x17
                0x9d00201c                EZBL_Vector23Original = ABSOLUTE (.)
 *(.vector_23)
                0x9d00201c        0x4 LONG 0x18
                0x9d002020                EZBL_Vector24Original = ABSOLUTE (.)
 *(.vector_24)

.vector_23_EZBL_RAMRedirect
                0x9d0022b8        0x8
                0x9d0022b8        0x4 LONG 0x8008ff5c (((0xff5c0000 | (ABSOLUTE ((ABSOLUTE (EZBL_Vector23ISRPtr) - ABSOLUTE (_gp))) & 0xffff)) << 0x10) | ((0xff5c0000 | (ABSOLUTE ((ABSOLUTE (EZBL_Vector23ISRPtr) - ABSOLUTE (_gp))) & 0xffff)) >> 0x10))
                0x00000001                ASSERT ((0x1 && (((ABSOLUTE ((ABSOLUTE (EZBL_Vector23ISRPtr) - ABSOLUTE (_gp))) & 0xffff0000) == 0x0) || ((ABSOLUTE ((ABSOLUTE (EZBL_Vector23ISRPtr) - ABSOLUTE (_gp))) & 0xffff0000) == 0xffff0000))), Illegal parameters for LW32)
                0x9d0022bc        0x2 SHORT 0x45ba
                0x00000001                ASSERT (0x1, Illegal parameters for JRC16)
                0x9d0022be        0x2 SHORT 0xc00

.vector_24_EZBL_RAMRedirect
                0x9d0022c0        0x8
                0x9d0022c0        0x4 LONG 0x800cff5c (((0xff5c0000 | (ABSOLUTE ((ABSOLUTE (EZBL_Vector24ISRPtr) - ABSOLUTE (_gp))) & 0xffff)) << 0x10) | ((0xff5c0000 | (ABSOLUTE ((ABSOLUTE (EZBL_Vector24ISRPtr) - ABSOLUTE (_gp))) & 0xffff)) >> 0x10))
                0x00000001                ASSERT ((0x1 && (((ABSOLUTE ((ABSOLUTE (EZBL_Vector24ISRPtr) - ABSOLUTE (_gp))) & 0xffff0000) == 0x0) || ((ABSOLUTE ((ABSOLUTE (EZBL_Vector24ISRPtr) - ABSOLUTE (_gp))) & 0xffff0000) == 0xffff0000))), Illegal parameters for LW32)
                0x9d0022c4        0x2 SHORT 0x45ba
                0x00000001                ASSERT (0x1, Illegal parameters for JRC16)
                0x9d0022c6        0x2 SHORT 0xc00

.vector_0       0x9d002200        0x0
 *(.vector_0)
                0x00000001                ASSERT (((_vector_spacing == 0x0) || (SIZEOF (.vector_0) <= (_vector_spacing << 0x3))), function at exception vector 0 too large)

.vector_1       0x9d002208        0x0
 *(.vector_1)
                0x00000001                ASSERT (((_vector_spacing == 0x0) || (SIZEOF (.vector_1) <= (_vector_spacing << 0x3))), function at exception vector 1 too large)

.vector_2       0x9d002210        0x0
 *(.vector_2)
                0x00000001                ASSERT (((_vector_spacing == 0x0) || (SIZEOF (.vector_2) <= (_vector_spacing << 0x3))), function at exception vector 2 too large)

.vector_3       0x9d002218        0x0
 *(.vector_3)
                0x00000001                ASSERT (((_vector_spacing == 0x0) || (SIZEOF (.vector_3) <= (_vector_spacing << 0x3))), function at exception vector 3 too large)

.vector_4       0x9d002220        0x0
 *(.vector_4)
                0x00000001                ASSERT (((_vector_spacing == 0x0) || (SIZEOF (.vector_4) <= (_vector_spacing << 0x3))), function at exception vector 4 too large)

.vector_5       0x9d002228        0x0
 *(.vector_5)
                0x00000001                ASSERT (((_vector_spacing == 0x0) || (SIZEOF (.vector_5) <= (_vector_spacing << 0x3))), function at exception vector 5 too large)

.vector_6       0x9d002230        0x0
 *(.vector_6)
                0x00000001                ASSERT (((_vector_spacing == 0x0) || (SIZEOF (.vector_6) <= (_vector_spacing << 0x3))), function at exception vector 6 too large)

.vector_7       0x9d002238        0x0
 *(.vector_7)
                0x00000001                ASSERT (((_vector_spacing == 0x0) || (SIZEOF (.vector_7) <= (_vector_spacing << 0x3))), function at exception vector 7 too large)

.vector_8       0x9d002240        0x0
 *(.vector_8)
                0x00000001                ASSERT (((_vector_spacing == 0x0) || (SIZEOF (.vector_8) <= (_vector_spacing << 0x3))), function at exception vector 8 too large)

.vector_9       0x9d002248        0x0
 *(.vector_9)
                0x00000001                ASSERT (((_vector_spacing == 0x0) || (SIZEOF (.vector_9) <= (_vector_spacing << 0x3))), function at exception vector 9 too large)

.vector_10      0x9d002250        0x0
 *(.vector_10)
                0x00000001                ASSERT (((_vector_spacing == 0x0) || (SIZEOF (.vector_10) <= (_vector_spacing << 0x3))), function at exception vector 10 too large)

.vector_11      0x9d002258        0x0
 *(.vector_11)
                0x00000001                ASSERT (((_vector_spacing == 0x0) || (SIZEOF (.vector_11) <= (_vector_spacing << 0x3))), function at exception vector 11 too large)

.vector_12      0x9d002260        0x0
 *(.vector_12)
                0x00000001                ASSERT (((_vector_spacing == 0x0) || (SIZEOF (.vector_12) <= (_vector_spacing << 0x3))), function at exception vector 12 too large)

.vector_13      0x9d002268        0x0
 *(.vector_13)
                0x00000001                ASSERT (((_vector_spacing == 0x0) || (SIZEOF (.vector_13) <= (_vector_spacing << 0x3))), function at exception vector 13 too large)

.vector_14      0x9d002270        0x0
 *(.vector_14)
                0x00000001                ASSERT (((_vector_spacing == 0x0) || (SIZEOF (.vector_14) <= (_vector_spacing << 0x3))), function at exception vector 14 too large)

.vector_15      0x9d002278        0x0
 *(.vector_15)
                0x00000001                ASSERT (((_vector_spacing == 0x0) || (SIZEOF (.vector_15) <= (_vector_spacing << 0x3))), function at exception vector 15 too large)

.vector_16      0x9d002280        0x0
 *(.vector_16)
                0x00000001                ASSERT (((_vector_spacing == 0x0) || (SIZEOF (.vector_16) <= (_vector_spacing << 0x3))), function at exception vector 16 too large)

.vector_17      0x9d002288        0x0
 *(.vector_17)
                0x00000001                ASSERT (((_vector_spacing == 0x0) || (SIZEOF (.vector_17) <= (_vector_spacing << 0x3))), function at exception vector 17 too large)

.vector_18      0x9d002290        0x0
 *(.vector_18)
                0x00000001                ASSERT (((_vector_spacing == 0x0) || (SIZEOF (.vector_18) <= (_vector_spacing << 0x3))), function at exception vector 18 too large)

.vector_19      0x9d002298        0x0
 *(.vector_19)
                0x00000001                ASSERT (((_vector_spacing == 0x0) || (SIZEOF (.vector_19) <= (_vector_spacing << 0x3))), function at exception vector 19 too large)

.vector_20      0x9d0022a0        0x0
 *(.vector_20)
                0x00000001                ASSERT (((_vector_spacing == 0x0) || (SIZEOF (.vector_20) <= (_vector_spacing << 0x3))), function at exception vector 20 too large)

.vector_21      0x9d0022a8        0x0
 *(.vector_21)
                0x00000001                ASSERT (((_vector_spacing == 0x0) || (SIZEOF (.vector_21) <= (_vector_spacing << 0x3))), function at exception vector 21 too large)

.vector_22      0x9d0022b0        0x0
 *(.vector_22)
                0x00000001                ASSERT (((_vector_spacing == 0x0) || (SIZEOF (.vector_22) <= (_vector_spacing << 0x3))), function at exception vector 22 too large)

.vector_23      0x9d0022b8        0x0
 *(.vector_23)
                0x00000001                ASSERT (((_vector_spacing == 0x0) || (SIZEOF (.vector_23) <= (_vector_spacing << 0x3))), function at exception vector 23 too large)

.vector_24      0x9d0022c0        0x0
 *(.vector_24)
                0x00000001                ASSERT (((_vector_spacing == 0x0) || (SIZEOF (.vector_24) <= (_vector_spacing << 0x3))), function at exception vector 24 too large)

.vector_25      0x9d0022c8        0x0
 *(.vector_25)
                0x00000001                ASSERT (((_vector_spacing == 0x0) || (SIZEOF (.vector_25) <= (_vector_spacing << 0x3))), function at exception vector 25 too large)

.vector_26      0x9d0022d0        0x0
 *(.vector_26)
                0x00000001                ASSERT (((_vector_spacing == 0x0) || (SIZEOF (.vector_26) <= (_vector_spacing << 0x3))), function at exception vector 26 too large)

.vector_27      0x9d0022d8        0x0
 *(.vector_27)
                0x00000001                ASSERT (((_vector_spacing == 0x0) || (SIZEOF (.vector_27) <= (_vector_spacing << 0x3))), function at exception vector 27 too large)

.vector_28      0x9d0022e0        0x0
 *(.vector_28)
                0x00000001                ASSERT (((_vector_spacing == 0x0) || (SIZEOF (.vector_28) <= (_vector_spacing << 0x3))), function at exception vector 28 too large)

.vector_29      0x9d0022e8        0x0
 *(.vector_29)
                0x00000001                ASSERT (((_vector_spacing == 0x0) || (SIZEOF (.vector_29) <= (_vector_spacing << 0x3))), function at exception vector 29 too large)

.vector_30      0x9d0022f0        0x0
 *(.vector_30)
                0x00000001                ASSERT (((_vector_spacing == 0x0) || (SIZEOF (.vector_30) <= (_vector_spacing << 0x3))), function at exception vector 30 too large)

.vector_31      0x9d0022f8        0x0
 *(.vector_31)
                0x00000001                ASSERT (((_vector_spacing == 0x0) || (SIZEOF (.vector_31) <= (_vector_spacing << 0x3))), function at exception vector 31 too large)

.vector_32      0x9d002300        0x0
 *(.vector_32)
                0x00000001                ASSERT (((_vector_spacing == 0x0) || (SIZEOF (.vector_32) <= (_vector_spacing << 0x3))), function at exception vector 32 too large)

.vector_33      0x9d002308        0x0
 *(.vector_33)
                0x00000001                ASSERT (((_vector_spacing == 0x0) || (SIZEOF (.vector_33) <= (_vector_spacing << 0x3))), function at exception vector 33 too large)

.vector_34      0x9d002310        0x0
 *(.vector_34)
                0x00000001                ASSERT (((_vector_spacing == 0x0) || (SIZEOF (.vector_34) <= (_vector_spacing << 0x3))), function at exception vector 34 too large)

.vector_35      0x9d002318        0x0
 *(.vector_35)
                0x00000001                ASSERT (((_vector_spacing == 0x0) || (SIZEOF (.vector_35) <= (_vector_spacing << 0x3))), function at exception vector 35 too large)

.vector_36      0x9d002320        0x0
 *(.vector_36)
                0x00000001                ASSERT (((_vector_spacing == 0x0) || (SIZEOF (.vector_36) <= (_vector_spacing << 0x3))), function at exception vector 36 too large)

.vector_37      0x9d002328        0x0
 *(.vector_37)
                0x00000001                ASSERT (((_vector_spacing == 0x0) || (SIZEOF (.vector_37) <= (_vector_spacing << 0x3))), function at exception vector 37 too large)

.vector_38      0x9d002330        0x0
 *(.vector_38)
                0x00000001                ASSERT (((_vector_spacing == 0x0) || (SIZEOF (.vector_38) <= (_vector_spacing << 0x3))), function at exception vector 38 too large)

.vector_39      0x9d002338        0x0
 *(.vector_39)
                0x00000001                ASSERT (((_vector_spacing == 0x0) || (SIZEOF (.vector_39) <= (_vector_spacing << 0x3))), function at exception vector 39 too large)

.vector_40      0x9d002340        0x0
 *(.vector_40)
                0x00000001                ASSERT (((_vector_spacing == 0x0) || (SIZEOF (.vector_40) <= (_vector_spacing << 0x3))), function at exception vector 40 too large)

.vector_41      0x9d002348        0x0
 *(.vector_41)
                0x00000001                ASSERT (((_vector_spacing == 0x0) || (SIZEOF (.vector_41) <= (_vector_spacing << 0x3))), function at exception vector 41 too large)

.vector_42      0x9d002350        0x0
 *(.vector_42)
                0x00000001                ASSERT (((_vector_spacing == 0x0) || (SIZEOF (.vector_42) <= (_vector_spacing << 0x3))), function at exception vector 42 too large)

.vector_43      0x9d002358        0x0
 *(.vector_43)
                0x00000001                ASSERT (((_vector_spacing == 0x0) || (SIZEOF (.vector_43) <= (_vector_spacing << 0x3))), function at exception vector 43 too large)

.vector_44      0x9d002360        0x0
 *(.vector_44)
                0x00000001                ASSERT (((_vector_spacing == 0x0) || (SIZEOF (.vector_44) <= (_vector_spacing << 0x3))), function at exception vector 44 too large)

.vector_45      0x9d002368        0x0
 *(.vector_45)
                0x00000001                ASSERT (((_vector_spacing == 0x0) || (SIZEOF (.vector_45) <= (_vector_spacing << 0x3))), function at exception vector 45 too large)

.vector_46      0x9d002370        0x0
 *(.vector_46)
                0x00000001                ASSERT (((_vector_spacing == 0x0) || (SIZEOF (.vector_46) <= (_vector_spacing << 0x3))), function at exception vector 46 too large)

.vector_47      0x9d002378        0x0
 *(.vector_47)
                0x00000001                ASSERT (((_vector_spacing == 0x0) || (SIZEOF (.vector_47) <= (_vector_spacing << 0x3))), function at exception vector 47 too large)

.vector_48      0x9d002380        0x0
 *(.vector_48)
                0x00000001                ASSERT (((_vector_spacing == 0x0) || (SIZEOF (.vector_48) <= (_vector_spacing << 0x3))), function at exception vector 48 too large)

.vector_49      0x9d002388        0x0
 *(.vector_49)
                0x00000001                ASSERT (((_vector_spacing == 0x0) || (SIZEOF (.vector_49) <= (_vector_spacing << 0x3))), function at exception vector 49 too large)

.vector_50      0x9d002390        0x0
 *(.vector_50)
                0x00000001                ASSERT (((_vector_spacing == 0x0) || (SIZEOF (.vector_50) <= (_vector_spacing << 0x3))), function at exception vector 50 too large)

.vector_51      0x9d002398        0x0
 *(.vector_51)
                0x00000001                ASSERT (((_vector_spacing == 0x0) || (SIZEOF (.vector_51) <= (_vector_spacing << 0x3))), function at exception vector 51 too large)

.vector_52      0x9d0023a0        0x0
 *(.vector_52)
                0x00000001                ASSERT (((_vector_spacing == 0x0) || (SIZEOF (.vector_52) <= (_vector_spacing << 0x3))), function at exception vector 52 too large)

.vector_53      0x9d0023a8        0x0
 *(.vector_53)
                0x00000001                ASSERT (((_vector_spacing == 0x0) || (SIZEOF (.vector_53) <= (_vector_spacing << 0x3))), function at exception vector 53 too large)

.vector_54      0x9d0023b0        0x0
 *(.vector_54)
                0x00000001                ASSERT (((_vector_spacing == 0x0) || (SIZEOF (.vector_54) <= (_vector_spacing << 0x3))), function at exception vector 54 too large)

.vector_55      0x9d0023b8        0x0
 *(.vector_55)
                0x00000001                ASSERT (((_vector_spacing == 0x0) || (SIZEOF (.vector_55) <= (_vector_spacing << 0x3))), function at exception vector 55 too large)

.vector_56      0x9d0023c0        0x0
 *(.vector_56)
                0x00000001                ASSERT (((_vector_spacing == 0x0) || (SIZEOF (.vector_56) <= (_vector_spacing << 0x3))), function at exception vector 56 too large)

.vector_57      0x9d0023c8        0x0
 *(.vector_57)
                0x00000001                ASSERT (((_vector_spacing == 0x0) || (SIZEOF (.vector_57) <= (_vector_spacing << 0x3))), function at exception vector 57 too large)

.vector_58      0x9d0023d0        0x0
 *(.vector_58)
                0x00000001                ASSERT (((_vector_spacing == 0x0) || (SIZEOF (.vector_58) <= (_vector_spacing << 0x3))), function at exception vector 58 too large)

.vector_59      0x9d0023d8        0x0
 *(.vector_59)
                0x00000001                ASSERT (((_vector_spacing == 0x0) || (SIZEOF (.vector_59) <= (_vector_spacing << 0x3))), function at exception vector 59 too large)

.vector_60      0x9d0023e0        0x0
 *(.vector_60)
                0x00000001                ASSERT (((_vector_spacing == 0x0) || (SIZEOF (.vector_60) <= (_vector_spacing << 0x3))), function at exception vector 60 too large)

.vector_61      0x9d0023e8        0x0
 *(.vector_61)
                0x00000001                ASSERT (((_vector_spacing == 0x0) || (SIZEOF (.vector_61) <= (_vector_spacing << 0x3))), function at exception vector 61 too large)

.vector_62      0x9d0023f0        0x0
 *(.vector_62)
                0x00000001                ASSERT (((_vector_spacing == 0x0) || (SIZEOF (.vector_62) <= (_vector_spacing << 0x3))), function at exception vector 62 too large)

.vector_63      0x9d0023f8        0x0
 *(.vector_63)
                0x00000001                ASSERT (((_vector_spacing == 0x0) || (SIZEOF (.vector_63) <= (_vector_spacing << 0x3))), function at exception vector 63 too large)

.vector_64      0x9d002400        0x0
 *(.vector_64)
                0x00000001                ASSERT (((_vector_spacing == 0x0) || (SIZEOF (.vector_64) <= (_vector_spacing << 0x3))), function at exception vector 64 too large)

.vector_65      0x9d002408        0x0
 *(.vector_65)
                0x00000001                ASSERT (((_vector_spacing == 0x0) || (SIZEOF (.vector_65) <= (_vector_spacing << 0x3))), function at exception vector 65 too large)

.vector_66      0x9d002410        0x0
 *(.vector_66)
                0x00000001                ASSERT (((_vector_spacing == 0x0) || (SIZEOF (.vector_66) <= (_vector_spacing << 0x3))), function at exception vector 66 too large)

.vector_67      0x9d002418        0x0
 *(.vector_67)
                0x00000001                ASSERT (((_vector_spacing == 0x0) || (SIZEOF (.vector_67) <= (_vector_spacing << 0x3))), function at exception vector 67 too large)

.vector_68      0x9d002420        0x0
 *(.vector_68)
                0x00000001                ASSERT (((_vector_spacing == 0x0) || (SIZEOF (.vector_68) <= (_vector_spacing << 0x3))), function at exception vector 68 too large)

.vector_69      0x9d002428        0x0
 *(.vector_69)
                0x00000001                ASSERT (((_vector_spacing == 0x0) || (SIZEOF (.vector_69) <= (_vector_spacing << 0x3))), function at exception vector 69 too large)

.vector_70      0x9d002430        0x0
 *(.vector_70)
                0x00000001                ASSERT (((_vector_spacing == 0x0) || (SIZEOF (.vector_70) <= (_vector_spacing << 0x3))), function at exception vector 70 too large)

.vector_71      0x9d002438        0x0
 *(.vector_71)
                0x00000001                ASSERT (((_vector_spacing == 0x0) || (SIZEOF (.vector_71) <= (_vector_spacing << 0x3))), function at exception vector 71 too large)

.vector_72      0x9d002440        0x0
 *(.vector_72)
                0x00000001                ASSERT (((_vector_spacing == 0x0) || (SIZEOF (.vector_72) <= (_vector_spacing << 0x3))), function at exception vector 72 too large)

.vector_73      0x9d002448        0x0
 *(.vector_73)
                0x00000001                ASSERT (((_vector_spacing == 0x0) || (SIZEOF (.vector_73) <= (_vector_spacing << 0x3))), function at exception vector 73 too large)

.vector_74      0x9d002450        0x0
 *(.vector_74)
                0x00000001                ASSERT (((_vector_spacing == 0x0) || (SIZEOF (.vector_74) <= (_vector_spacing << 0x3))), function at exception vector 74 too large)

.vector_75      0x9d002458        0x0
 *(.vector_75)
                0x00000001                ASSERT (((_vector_spacing == 0x0) || (SIZEOF (.vector_75) <= (_vector_spacing << 0x3))), function at exception vector 75 too large)

.vector_76      0x9d002460        0x0
 *(.vector_76)
                0x00000001                ASSERT (((_vector_spacing == 0x0) || (SIZEOF (.vector_76) <= (_vector_spacing << 0x3))), function at exception vector 76 too large)

.vector_77      0x9d002468        0x0
 *(.vector_77)
                0x00000001                ASSERT (((_vector_spacing == 0x0) || (SIZEOF (.vector_77) <= (_vector_spacing << 0x3))), function at exception vector 77 too large)

.vector_78      0x9d002470        0x0
 *(.vector_78)
                0x00000001                ASSERT (((_vector_spacing == 0x0) || (SIZEOF (.vector_78) <= (_vector_spacing << 0x3))), function at exception vector 78 too large)

.vector_79      0x9d002478        0x0
 *(.vector_79)
                0x00000001                ASSERT (((_vector_spacing == 0x0) || (SIZEOF (.vector_79) <= (_vector_spacing << 0x3))), function at exception vector 79 too large)

.vector_80      0x9d002480        0x0
 *(.vector_80)
                0x00000001                ASSERT (((_vector_spacing == 0x0) || (SIZEOF (.vector_80) <= (_vector_spacing << 0x3))), function at exception vector 80 too large)

.vector_81      0x9d002488        0x0
 *(.vector_81)
                0x00000001                ASSERT (((_vector_spacing == 0x0) || (SIZEOF (.vector_81) <= (_vector_spacing << 0x3))), function at exception vector 81 too large)

.vector_82      0x9d002490        0x0
 *(.vector_82)
                0x00000001                ASSERT (((_vector_spacing == 0x0) || (SIZEOF (.vector_82) <= (_vector_spacing << 0x3))), function at exception vector 82 too large)

.vector_83      0x9d002498        0x0
 *(.vector_83)
                0x00000001                ASSERT (((_vector_spacing == 0x0) || (SIZEOF (.vector_83) <= (_vector_spacing << 0x3))), function at exception vector 83 too large)

.vector_84      0x9d0024a0        0x0
 *(.vector_84)
                0x00000001                ASSERT (((_vector_spacing == 0x0) || (SIZEOF (.vector_84) <= (_vector_spacing << 0x3))), function at exception vector 84 too large)

.vector_85      0x9d0024a8        0x0
 *(.vector_85)
                0x00000001                ASSERT (((_vector_spacing == 0x0) || (SIZEOF (.vector_85) <= (_vector_spacing << 0x3))), function at exception vector 85 too large)

.vector_86      0x9d0024b0        0x0
 *(.vector_86)
                0x00000001                ASSERT (((_vector_spacing == 0x0) || (SIZEOF (.vector_86) <= (_vector_spacing << 0x3))), function at exception vector 86 too large)

.vector_87      0x9d0024b8        0x0
 *(.vector_87)
                0x00000001                ASSERT (((_vector_spacing == 0x0) || (SIZEOF (.vector_87) <= (_vector_spacing << 0x3))), function at exception vector 87 too large)

.vector_88      0x9d0024c0        0x0
 *(.vector_88)
                0x00000001                ASSERT (((_vector_spacing == 0x0) || (SIZEOF (.vector_88) <= (_vector_spacing << 0x3))), function at exception vector 88 too large)

.vector_89      0x9d0024c8        0x0
 *(.vector_89)
                0x00000001                ASSERT (((_vector_spacing == 0x0) || (SIZEOF (.vector_89) <= (_vector_spacing << 0x3))), function at exception vector 89 too large)

.vector_90      0x9d0024d0        0x0
 *(.vector_90)
                0x00000001                ASSERT (((_vector_spacing == 0x0) || (SIZEOF (.vector_90) <= (_vector_spacing << 0x3))), function at exception vector 90 too large)

.vector_91      0x9d0024d8        0x0
 *(.vector_91)
                0x00000001                ASSERT (((_vector_spacing == 0x0) || (SIZEOF (.vector_91) <= (_vector_spacing << 0x3))), function at exception vector 91 too large)

.vector_92      0x9d0024e0        0x0
 *(.vector_92)
                0x00000001                ASSERT (((_vector_spacing == 0x0) || (SIZEOF (.vector_92) <= (_vector_spacing << 0x3))), function at exception vector 92 too large)

.vector_93      0x9d0024e8        0x0
 *(.vector_93)
                0x00000001                ASSERT (((_vector_spacing == 0x0) || (SIZEOF (.vector_93) <= (_vector_spacing << 0x3))), function at exception vector 93 too large)

.vector_94      0x9d0024f0        0x0
 *(.vector_94)
                0x00000001                ASSERT (((_vector_spacing == 0x0) || (SIZEOF (.vector_94) <= (_vector_spacing << 0x3))), function at exception vector 94 too large)

.vector_95      0x9d0024f8        0x0
 *(.vector_95)
                0x00000001                ASSERT (((_vector_spacing == 0x0) || (SIZEOF (.vector_95) <= (_vector_spacing << 0x3))), function at exception vector 95 too large)

.vector_96      0x9d002500        0x0
 *(.vector_96)
                0x00000001                ASSERT (((_vector_spacing == 0x0) || (SIZEOF (.vector_96) <= (_vector_spacing << 0x3))), function at exception vector 96 too large)

.vector_97      0x9d002508        0x0
 *(.vector_97)
                0x00000001                ASSERT (((_vector_spacing == 0x0) || (SIZEOF (.vector_97) <= (_vector_spacing << 0x3))), function at exception vector 97 too large)

.vector_98      0x9d002510        0x0
 *(.vector_98)
                0x00000001                ASSERT (((_vector_spacing == 0x0) || (SIZEOF (.vector_98) <= (_vector_spacing << 0x3))), function at exception vector 98 too large)

.vector_99      0x9d002518        0x0
 *(.vector_99)
                0x00000001                ASSERT (((_vector_spacing == 0x0) || (SIZEOF (.vector_99) <= (_vector_spacing << 0x3))), function at exception vector 99 too large)

.vector_100     0x9d002520        0x0
 *(.vector_100)
                0x00000001                ASSERT (((_vector_spacing == 0x0) || (SIZEOF (.vector_100) <= (_vector_spacing << 0x3))), function at exception vector 100 too large)

.vector_101     0x9d002528        0x0
 *(.vector_101)
                0x00000001                ASSERT (((_vector_spacing == 0x0) || (SIZEOF (.vector_101) <= (_vector_spacing << 0x3))), function at exception vector 101 too large)

.text           0x9d0022c8        0x0
 *(.stub .gnu.linkonce.t.*)
 *(.text.*personality*)
 *(.mips16.fn.*)
 *(.mips16.call.*)
 *(.gnu.warning)
                0x9d0022c8                . = ALIGN (0x4)

.init           0x9d0022c8        0x0
 *crti.o(.init)
 *crtbegin.o(.init)
 *(EXCLUDE_FILE(*crtn.o *crtend?.o *crtend.o) .init)
 *crtend.o(.init)
 *crtn.o(.init)
                0x9d0022c8                . = ALIGN (0x4)

.fini           0x9d0022c8        0x0
 *(.fini)
                0x9d0022c8                . = ALIGN (0x4)

.preinit_array  0x9d0022c8        0x0
                0x9d0022c8                PROVIDE (__preinit_array_start, .)
 *(.preinit_array)
                0x9d0022c8                PROVIDE (__preinit_array_end, .)
                0x9d0022c8                . = ALIGN (0x4)

.init_array     0x9d0022c8        0x0
                0x9d0022c8                PROVIDE (__init_array_start, .)
 *(SORT(.init_array.*))
 *(.init_array)
                0x9d0022c8                PROVIDE (__init_array_end, .)
                0x9d0022c8                . = ALIGN (0x4)

.fini_array     0x9d0022c8        0x0
                0x9d0022c8                PROVIDE (__fini_array_start, .)
 *(SORT(.fini_array.*))
 *(.fini_array)
                0x9d0022c8                PROVIDE (__fini_array_end, .)
                0x9d0022c8                . = ALIGN (0x4)

.ctors          0x9d0022c8        0x0
 *crtbegin.o(.ctors)
 *crtbegin?.o(.ctors)
 *(EXCLUDE_FILE(*crtend?.o *crtend.o) .ctors)
 *(SORT(.ctors.*))
 *(.ctors)
                0x9d0022c8                . = ALIGN (0x4)

.dtors          0x9d0022c8        0x0
 *crtbegin.o(.dtors)
 *crtbegin?.o(.dtors)
 *(EXCLUDE_FILE(*crtend?.o *crtend.o) .dtors)
 *(SORT(.dtors.*))
 *(.dtors)
                0x9d0022c8                . = ALIGN (0x4)

.rodata         0x9d0022c8        0x0
 *(.gnu.linkonce.r.*)
 *(.rodata1)
                0x9d0022c8                . = ALIGN (0x4)

.sdata2         0x9d002528        0x0
 *(.sdata2 .sdata2.* .gnu.linkonce.s2.*)
                0x9d002528                . = ALIGN (0x4)

.sbss2          0x9d002528        0x0
 *(.sbss2 .sbss2.* .gnu.linkonce.sb2.*)
                0x9d002528                . = ALIGN (0x4)

.eh_frame_hdr
 *(.eh_frame_hdr)
                0x9d002528                . = ALIGN (0x4)

.eh_frame
 *(.eh_frame)
                0x9d002528                . = ALIGN (0x4)

.gcc_except_table
 *(.gcc_except_table .gcc_except_table.*)
                0x9d002528                . = ALIGN (0x4)

.dbg_data       0x80000000      0x200
                0x80000200                . = (. + 0x200)
 *fill*         0x80000000      0x200 

EZBL_RAM_AT_0x80000200
                0x80000200      0x10c
 *(EZBL_RAM_AT_0x80000200)
 EZBL_RAM_AT_0x80000200
                0x80000200      0x10c build/uart/production/ezbl_integration/ex_boot_uart_pic32mm.merge.o
 *(EZBL_RAM_AT_0x80000200)

EZBL_RAM_AT_0x80000310
                0x80000310       0x34
 *(EZBL_RAM_AT_0x80000310)
 EZBL_RAM_AT_0x80000310
                0x80000310       0x34 build/uart/production/ezbl_integration/ex_boot_uart_pic32mm.merge.o
 *(EZBL_RAM_AT_0x80000310)

EZBL_RAM_AT_0x80000358
                0x80000358       0x10
 *(EZBL_RAM_AT_0x80000358)
 EZBL_RAM_AT_0x80000358
                0x80000358       0x10 build/uart/production/ezbl_integration/ex_boot_uart_pic32mm.merge.o
 *(EZBL_RAM_AT_0x80000358)

.jcr            0x80000368        0x0
 *(.jcr)
                0x80000368                . = ALIGN (0x4)

.eh_frame
 *(.eh_frame)
                0x80000368                . = ALIGN (0x4)

.gcc_except_table
 *(.gcc_except_table .gcc_except_table.*)
                0x80000368                . = ALIGN (0x4)

.persist        0x80000368        0x0
                0x80000368                _persist_begin = .
 *(.persist .persist.*)
 *(.pbss .pbss.*)
                0x80000368                . = ALIGN (0x4)
                0x80000368                _persist_end = .

.data           0x80000368        0x0
 *(.gnu.linkonce.d.*)
 *(.data1)
                0x80000368                . = ALIGN (0x4)
                0x80000368                . = .
                [0x800082e0]                _gp = (DEFINED (EZBL_BOOT_PROJECT) || ! (DEFINED (_gp)))?(ALIGN (0x10) + 0x7ff0):ABSOLUTE (_gp)

.got            0x80000368        0x0
 *(.got.plt)
 *(.got)
                0x80000368                . = ALIGN (0x4)

.sdata          0x80000368        0x4
                0x80000368                _sdata_begin = .
 *(.sdata .sdata.* .gnu.linkonce.s.*)
 .sdata         0x80000368        0x4 /opt/microchip/xc32/v1.44/bin/bin/../../lib/gcc/pic32mx/4.8.3/../../../../pic32mx/lib/micromips/liblega-c.a(_iobdata.o)
                0x80000368                _libc_data
                0x8000036c                . = ALIGN (0x4)
                0x8000036c                _sdata_end = .

.lit8
 *(.lit8)

.lit4
 *(.lit4)
                0x8000036c                . = ALIGN (0x4)
                0x8000036c                _data_end = .
                0x8000036c                _bss_begin = .

.sbss           0x8000036c       0x24
                0x8000036c                _sbss_begin = .
 *(.dynsbss)
 *(.sbss .sbss.* .gnu.linkonce.sb.*)
 .sbss          0x8000036c       0x20 build/uart/production/main.o
                0x8000036c                ADC1
                0x80000370                ADC2
                0x80000374                ADC3
                0x80000378                ADC4
                0x8000037c                ADC5
                0x80000380                ADC6
                0x80000384                ADC7
                0x80000388                ADC8
 .sbss          0x8000038c        0x4 /opt/microchip/xc32/v1.44/bin/bin/../../lib/gcc/pic32mx/4.8.3/../../../../pic32mx/lib/micromips/liblega-c.a(errno.o)
                0x8000038c                errno
 *(.scommon)
                0x80000390                _sbss_end = .
                0x80000390                . = ALIGN (0x4)

.bss            0x80000390        0x0
 *(.dynbss)
 *(COMMON)
                0x80000390                . = ALIGN ((. != 0x0)?0x4:0x1)
                0x80000390                . = ALIGN (0x4)
                0x80000390                _end = .
                0x80000390                _bss_end = .
                0x00002000                _bmxdudba_address = 0x2000
                0x00002000                _bmxdupba_address = 0x2000

.gptab.sdata
 *(.gptab.data)
 *(.gptab.sdata)

.gptab.sbss
 *(.gptab.bss)
 *(.gptab.sbss)

.mdebug.abi32   0x00000000        0x0
 *(.mdebug.abi32)
 .mdebug.abi32  0x00000000        0x0 build/uart/production/main.o
 .mdebug.abi32  0x00000000        0x0 /opt/microchip/xc32/v1.44/bin/bin/../../lib/gcc/pic32mx/4.8.3/../../../../pic32mx/lib/micromips/libpic32.a(default-on-reset.o)
 .mdebug.abi32  0x00000000        0x0 /opt/microchip/xc32/v1.44/bin/bin/../../lib/gcc/pic32mx/4.8.3/../../../../pic32mx/lib/micromips/libpic32.a(default-on-bootstrap.o)
 .mdebug.abi32  0x00000000        0x0 /opt/microchip/xc32/v1.44/bin/bin/../../lib/gcc/pic32mx/4.8.3/../../../../pic32mx/lib/micromips/liblega-c.a(strncmp.o)
 .mdebug.abi32  0x00000000        0x0 /opt/microchip/xc32/v1.44/bin/bin/../../lib/gcc/pic32mx/4.8.3/../../../../pic32mx/lib/micromips/liblega-c.a(sprintf_cdnopuxX.eo)
 .mdebug.abi32  0x00000000        0x0 /opt/microchip/xc32/v1.44/bin/bin/../../lib/gcc/pic32mx/4.8.3/../../../../pic32mx/lib/micromips/liblega-c.a(_doprnt_cdnopuxX.eo)
 .mdebug.abi32  0x00000000        0x0 /opt/microchip/xc32/v1.44/bin/bin/../../lib/gcc/pic32mx/4.8.3/../../../../pic32mx/lib/micromips/liblega-c.a(_iobdata.o)
 .mdebug.abi32  0x00000000        0x0 /opt/microchip/xc32/v1.44/bin/bin/../../lib/gcc/pic32mx/4.8.3/../../../../pic32mx/lib/micromips/liblega-c.a(_iobfuncs.o)
 .mdebug.abi32  0x00000000        0x0 /opt/microchip/xc32/v1.44/bin/bin/../../lib/gcc/pic32mx/4.8.3/../../../../pic32mx/lib/micromips/liblega-c.a(_iobstring.o)
 .mdebug.abi32  0x00000000        0x0 /opt/microchip/xc32/v1.44/bin/bin/../../lib/gcc/pic32mx/4.8.3/../../../../pic32mx/lib/micromips/liblega-c.a(fputc.o)
 .mdebug.abi32  0x00000000        0x0 /opt/microchip/xc32/v1.44/bin/bin/../../lib/gcc/pic32mx/4.8.3/../../../../pic32mx/lib/micromips/liblega-c.a(errno.o)
 .mdebug.abi32  0x00000000        0x0 /opt/microchip/xc32/v1.44/bin/bin/../../lib/gcc/pic32mx/4.8.3/micromips/libgcc.a(_udivdi3.o)
 .mdebug.abi32  0x00000000        0x0 /opt/microchip/xc32/v1.44/bin/bin/../../lib/gcc/pic32mx/4.8.3/micromips/libgcc.a(_umoddi3.o)
 .mdebug.abi32  0x00000000        0x0 /opt/microchip/xc32/v1.44/bin/bin/../../lib/gcc/pic32mx/4.8.3/../../../../pic32mx/lib/micromips/libpic32.a(_mon_write.o)

.mdebug.abiN32
 *(.mdebug.abiN32)

.mdebug.abi64
 *(.mdebug.abi64)

.mdebug.abiO64
 *(.mdebug.abiO64)

.mdebug.eabi32
 *(.mdebug.eabi32)

.mdebug.eabi64
 *(.mdebug.eabi64)

.gcc_compiled_long32
 *(.gcc_compiled_long32)

.gcc_compiled_long64
 *(.gcc_compiled_long64)

.stab
 *(.stab)

.stabstr
 *(.stabstr)

.stab.excl
 *(.stab.excl)

.stab.exclstr
 *(.stab.exclstr)

.stab.index
 *(.stab.index)

.stab.indexstr
 *(.stab.indexstr)

.comment        0x00000000      0x2e3
 *(.comment)
 .comment       0x00000000       0x3c build/uart/production/main.o
                                 0x3d (size before relaxing)
 .comment       0x0000003c       0x19 /opt/microchip/xc32/v1.44/bin/bin/../../lib/gcc/pic32mx/4.8.3/../../../../pic32mx/lib/micromips/libpic32.a(strlen.o)
                                 0x1a (size before relaxing)
 .comment       0x00000000       0x3d /opt/microchip/xc32/v1.44/bin/bin/../../lib/gcc/pic32mx/4.8.3/../../../../pic32mx/lib/micromips/libpic32.a(default-on-reset.o)
 .comment       0x00000000       0x3d /opt/microchip/xc32/v1.44/bin/bin/../../lib/gcc/pic32mx/4.8.3/../../../../pic32mx/lib/micromips/libpic32.a(default-on-bootstrap.o)
 .comment       0x00000055       0x50 /opt/microchip/xc32/v1.44/bin/bin/../../lib/gcc/pic32mx/4.8.3/../../../../pic32mx/lib/micromips/liblega-c.a(strncmp.o)
                                 0x8d (size before relaxing)
 .comment       0x000000a5       0x52 /opt/microchip/xc32/v1.44/bin/bin/../../lib/gcc/pic32mx/4.8.3/../../../../pic32mx/lib/micromips/liblega-c.a(sprintf_cdnopuxX.eo)
                                 0x8f (size before relaxing)
 .comment       0x000000f7       0x52 /opt/microchip/xc32/v1.44/bin/bin/../../lib/gcc/pic32mx/4.8.3/../../../../pic32mx/lib/micromips/liblega-c.a(_doprnt_cdnopuxX.eo)
                                 0x8f (size before relaxing)
 .comment       0x00000149       0x53 /opt/microchip/xc32/v1.44/bin/bin/../../lib/gcc/pic32mx/4.8.3/../../../../pic32mx/lib/micromips/liblega-c.a(_iobdata.o)
                                 0x90 (size before relaxing)
 .comment       0x0000019c       0x54 /opt/microchip/xc32/v1.44/bin/bin/../../lib/gcc/pic32mx/4.8.3/../../../../pic32mx/lib/micromips/liblega-c.a(_iobfuncs.o)
                                 0x91 (size before relaxing)
 .comment       0x000001f0       0x55 /opt/microchip/xc32/v1.44/bin/bin/../../lib/gcc/pic32mx/4.8.3/../../../../pic32mx/lib/micromips/liblega-c.a(_iobstring.o)
                                 0x92 (size before relaxing)
 .comment       0x00000245       0x50 /opt/microchip/xc32/v1.44/bin/bin/../../lib/gcc/pic32mx/4.8.3/../../../../pic32mx/lib/micromips/liblega-c.a(fputc.o)
                                 0x8d (size before relaxing)
 .comment       0x00000295       0x4e /opt/microchip/xc32/v1.44/bin/bin/../../lib/gcc/pic32mx/4.8.3/../../../../pic32mx/lib/micromips/liblega-c.a(errno.o)
                                 0x8b (size before relaxing)
 .comment       0x00000000       0x3d /opt/microchip/xc32/v1.44/bin/bin/../../lib/gcc/pic32mx/4.8.3/micromips/libgcc.a(_udivdi3.o)
 .comment       0x00000000       0x3d /opt/microchip/xc32/v1.44/bin/bin/../../lib/gcc/pic32mx/4.8.3/micromips/libgcc.a(_umoddi3.o)
 .comment       0x00000000       0x3d /opt/microchip/xc32/v1.44/bin/bin/../../lib/gcc/pic32mx/4.8.3/../../../../pic32mx/lib/micromips/libpic32.a(_mon_write.o)

.debug
 *.elf(.debug)
 *(.debug)

.line
 *.elf(.line)
 *(.line)

.debug_srcinfo
 *.elf(.debug_srcinfo)
 *(.debug_srcinfo)

.debug_sfnames
 *.elf(.debug_sfnames)
 *(.debug_sfnames)

.debug_aranges  0x00000000       0xe0
 *.elf(.debug_aranges)
 *(.debug_aranges)
 .debug_aranges
                0x00000000       0x20 build/uart/production/main.o
 .debug_aranges
                0x00000020       0x20 /opt/microchip/xc32/v1.44/bin/bin/../../lib/gcc/pic32mx/4.8.3/../../../../pic32mx/lib/micromips/pic32_software_reset-mm.o
 .debug_aranges
                0x00000040       0x20 /opt/microchip/xc32/v1.44/bin/bin/../../lib/gcc/pic32mx/4.8.3/../../../../pic32mx/lib/micromips/libpic32.a(default-on-reset.o)
 .debug_aranges
                0x00000060       0x20 /opt/microchip/xc32/v1.44/bin/bin/../../lib/gcc/pic32mx/4.8.3/../../../../pic32mx/lib/micromips/libpic32.a(default-on-bootstrap.o)
 .debug_aranges
                0x00000080       0x20 /opt/microchip/xc32/v1.44/bin/bin/../../lib/gcc/pic32mx/4.8.3/micromips/libgcc.a(_udivdi3.o)
 .debug_aranges
                0x000000a0       0x20 /opt/microchip/xc32/v1.44/bin/bin/../../lib/gcc/pic32mx/4.8.3/micromips/libgcc.a(_umoddi3.o)
 .debug_aranges
                0x000000c0       0x20 /opt/microchip/xc32/v1.44/bin/bin/../../lib/gcc/pic32mx/4.8.3/../../../../pic32mx/lib/micromips/libpic32.a(_mon_write.o)

.debug_pubnames
 *.elf(.debug_pubnames)
 *(.debug_pubnames)

.debug_info     0x00000000     0x2340
 *.elf(.debug_info .gnu.linkonce.wi.*)
 *(.debug_info .gnu.linkonce.wi.*)
 .debug_info    0x00000000     0x109d build/uart/production/main.o
 .debug_info    0x0000109d      0x10a /opt/microchip/xc32/v1.44/bin/bin/../../lib/gcc/pic32mx/4.8.3/../../../../pic32mx/lib/micromips/pic32_software_reset-mm.o
 .debug_info    0x000011a7       0xce /opt/microchip/xc32/v1.44/bin/bin/../../lib/gcc/pic32mx/4.8.3/../../../../pic32mx/lib/micromips/libpic32.a(default-on-reset.o)
 .debug_info    0x00001275       0xd6 /opt/microchip/xc32/v1.44/bin/bin/../../lib/gcc/pic32mx/4.8.3/../../../../pic32mx/lib/micromips/libpic32.a(default-on-bootstrap.o)
 .debug_info    0x0000134b      0x775 /opt/microchip/xc32/v1.44/bin/bin/../../lib/gcc/pic32mx/4.8.3/micromips/libgcc.a(_udivdi3.o)
 .debug_info    0x00001ac0      0x7b6 /opt/microchip/xc32/v1.44/bin/bin/../../lib/gcc/pic32mx/4.8.3/micromips/libgcc.a(_umoddi3.o)
 .debug_info    0x00002276       0xca /opt/microchip/xc32/v1.44/bin/bin/../../lib/gcc/pic32mx/4.8.3/../../../../pic32mx/lib/micromips/libpic32.a(_mon_write.o)

.debug_abbrev   0x00000000      0x4e4
 *.elf(.debug_abbrev)
 *(.debug_abbrev)
 .debug_abbrev  0x00000000      0x1d9 build/uart/production/main.o
 .debug_abbrev  0x000001d9       0x14 /opt/microchip/xc32/v1.44/bin/bin/../../lib/gcc/pic32mx/4.8.3/../../../../pic32mx/lib/micromips/pic32_software_reset-mm.o
 .debug_abbrev  0x000001ed       0x28 /opt/microchip/xc32/v1.44/bin/bin/../../lib/gcc/pic32mx/4.8.3/../../../../pic32mx/lib/micromips/libpic32.a(default-on-reset.o)
 .debug_abbrev  0x00000215       0x28 /opt/microchip/xc32/v1.44/bin/bin/../../lib/gcc/pic32mx/4.8.3/../../../../pic32mx/lib/micromips/libpic32.a(default-on-bootstrap.o)
 .debug_abbrev  0x0000023d      0x138 /opt/microchip/xc32/v1.44/bin/bin/../../lib/gcc/pic32mx/4.8.3/micromips/libgcc.a(_udivdi3.o)
 .debug_abbrev  0x00000375      0x147 /opt/microchip/xc32/v1.44/bin/bin/../../lib/gcc/pic32mx/4.8.3/micromips/libgcc.a(_umoddi3.o)
 .debug_abbrev  0x000004bc       0x28 /opt/microchip/xc32/v1.44/bin/bin/../../lib/gcc/pic32mx/4.8.3/../../../../pic32mx/lib/micromips/libpic32.a(_mon_write.o)

.debug_line     0x00000000      0x5d7
 *.elf(.debug_line)
 *(.debug_line)
 .debug_line    0x00000000      0x15b build/uart/production/main.o
 .debug_line    0x0000015b       0xb7 /opt/microchip/xc32/v1.44/bin/bin/../../lib/gcc/pic32mx/4.8.3/../../../../pic32mx/lib/micromips/pic32_software_reset-mm.o
 .debug_line    0x00000212       0x94 /opt/microchip/xc32/v1.44/bin/bin/../../lib/gcc/pic32mx/4.8.3/../../../../pic32mx/lib/micromips/libpic32.a(default-on-reset.o)
 .debug_line    0x000002a6       0x98 /opt/microchip/xc32/v1.44/bin/bin/../../lib/gcc/pic32mx/4.8.3/../../../../pic32mx/lib/micromips/libpic32.a(default-on-bootstrap.o)
 .debug_line    0x0000033e       0xfe /opt/microchip/xc32/v1.44/bin/bin/../../lib/gcc/pic32mx/4.8.3/micromips/libgcc.a(_udivdi3.o)
 .debug_line    0x0000043c      0x10d /opt/microchip/xc32/v1.44/bin/bin/../../lib/gcc/pic32mx/4.8.3/micromips/libgcc.a(_umoddi3.o)
 .debug_line    0x00000549       0x8e /opt/microchip/xc32/v1.44/bin/bin/../../lib/gcc/pic32mx/4.8.3/../../../../pic32mx/lib/micromips/libpic32.a(_mon_write.o)

.debug_frame    0x00000000      0x138
 *.elf(.debug_frame)
 *(.debug_frame)
 .debug_frame   0x00000000       0x8c build/uart/production/main.o
 .debug_frame   0x0000008c       0x20 /opt/microchip/xc32/v1.44/bin/bin/../../lib/gcc/pic32mx/4.8.3/../../../../pic32mx/lib/micromips/libpic32.a(default-on-reset.o)
 .debug_frame   0x000000ac       0x20 /opt/microchip/xc32/v1.44/bin/bin/../../lib/gcc/pic32mx/4.8.3/../../../../pic32mx/lib/micromips/libpic32.a(default-on-bootstrap.o)
 .debug_frame   0x000000cc       0x20 /opt/microchip/xc32/v1.44/bin/bin/../../lib/gcc/pic32mx/4.8.3/micromips/libgcc.a(_udivdi3.o)
 .debug_frame   0x000000ec       0x20 /opt/microchip/xc32/v1.44/bin/bin/../../lib/gcc/pic32mx/4.8.3/micromips/libgcc.a(_umoddi3.o)
 .debug_frame   0x0000010c       0x2c /opt/microchip/xc32/v1.44/bin/bin/../../lib/gcc/pic32mx/4.8.3/../../../../pic32mx/lib/micromips/libpic32.a(_mon_write.o)

.debug_str      0x00000000        0xa
 *.elf(.debug_str)
 *(.debug_str)
 .debug_str     0x00000000        0xa build/uart/production/main.o
 .debug_str     0x0000000a        0x0 /opt/microchip/xc32/v1.44/bin/bin/../../lib/gcc/pic32mx/4.8.3/../../../../pic32mx/lib/micromips/libpic32.a(default-on-reset.o)
 .debug_str     0x0000000a        0x0 /opt/microchip/xc32/v1.44/bin/bin/../../lib/gcc/pic32mx/4.8.3/../../../../pic32mx/lib/micromips/libpic32.a(default-on-bootstrap.o)
 .debug_str     0x0000000a        0x0 /opt/microchip/xc32/v1.44/bin/bin/../../lib/gcc/pic32mx/4.8.3/micromips/libgcc.a(_udivdi3.o)
 .debug_str     0x0000000a        0x0 /opt/microchip/xc32/v1.44/bin/bin/../../lib/gcc/pic32mx/4.8.3/micromips/libgcc.a(_umoddi3.o)
 .debug_str     0x0000000a        0x0 /opt/microchip/xc32/v1.44/bin/bin/../../lib/gcc/pic32mx/4.8.3/../../../../pic32mx/lib/micromips/libpic32.a(_mon_write.o)

.debug_loc      0x00000000     0x14d7
 *.elf(.debug_loc)
 *(.debug_loc)
 .debug_loc     0x00000000      0xa7a /opt/microchip/xc32/v1.44/bin/bin/../../lib/gcc/pic32mx/4.8.3/micromips/libgcc.a(_udivdi3.o)
 .debug_loc     0x00000a7a      0xa3d /opt/microchip/xc32/v1.44/bin/bin/../../lib/gcc/pic32mx/4.8.3/micromips/libgcc.a(_umoddi3.o)
 .debug_loc     0x000014b7       0x20 /opt/microchip/xc32/v1.44/bin/bin/../../lib/gcc/pic32mx/4.8.3/../../../../pic32mx/lib/micromips/libpic32.a(_mon_write.o)

.debug_macinfo
 *.elf(.debug_macinfo)
 *(.debug_macinfo)

.debug_weaknames
 *.elf(.debug_weaknames)
 *(.debug_weaknames)

.debug_funcnames
 *.elf(.debug_funcnames)
 *(.debug_funcnames)

.debug_typenames
 *.elf(.debug_typenames)
 *(.debug_typenames)

.debug_varnames
 *.elf(.debug_varnames)
 *(.debug_varnames)

.debug_pubtypes
 *.elf(.debug_pubtypes)
 *(.debug_pubtypes)

.debug_ranges   0x00000000      0x1c0
 *.elf(.debug_ranges)
 *(.debug_ranges)
 .debug_ranges  0x00000000       0x10 /opt/microchip/xc32/v1.44/bin/bin/../../lib/gcc/pic32mx/4.8.3/../../../../pic32mx/lib/micromips/libpic32.a(default-on-reset.o)
 .debug_ranges  0x00000010       0x10 /opt/microchip/xc32/v1.44/bin/bin/../../lib/gcc/pic32mx/4.8.3/../../../../pic32mx/lib/micromips/libpic32.a(default-on-bootstrap.o)
 .debug_ranges  0x00000020       0xb8 /opt/microchip/xc32/v1.44/bin/bin/../../lib/gcc/pic32mx/4.8.3/micromips/libgcc.a(_udivdi3.o)
 .debug_ranges  0x000000d8       0xd8 /opt/microchip/xc32/v1.44/bin/bin/../../lib/gcc/pic32mx/4.8.3/micromips/libgcc.a(_umoddi3.o)
 .debug_ranges  0x000001b0       0x10 /opt/microchip/xc32/v1.44/bin/bin/../../lib/gcc/pic32mx/4.8.3/../../../../pic32mx/lib/micromips/libpic32.a(_mon_write.o)

.gnu.attributes
                0x00000000       0x10
 *(.gnu.attributes)
 .gnu.attributes
                0x00000000       0x10 build/uart/production/main.o
 .gnu.attributes
                0x00000010       0x10 /opt/microchip/xc32/v1.44/bin/bin/../../lib/gcc/pic32mx/4.8.3/../../../../pic32mx/lib/micromips/libpic32.a(default-on-reset.o)
 .gnu.attributes
                0x00000020       0x10 /opt/microchip/xc32/v1.44/bin/bin/../../lib/gcc/pic32mx/4.8.3/../../../../pic32mx/lib/micromips/libpic32.a(default-on-bootstrap.o)
 .gnu.attributes
                0x00000030       0x10 /opt/microchip/xc32/v1.44/bin/bin/../../lib/gcc/pic32mx/4.8.3/../../../../pic32mx/lib/micromips/liblega-c.a(strncmp.o)
 .gnu.attributes
                0x00000040       0x10 /opt/microchip/xc32/v1.44/bin/bin/../../lib/gcc/pic32mx/4.8.3/../../../../pic32mx/lib/micromips/liblega-c.a(sprintf_cdnopuxX.eo)
 .gnu.attributes
                0x00000050       0x10 /opt/microchip/xc32/v1.44/bin/bin/../../lib/gcc/pic32mx/4.8.3/../../../../pic32mx/lib/micromips/liblega-c.a(_doprnt_cdnopuxX.eo)
 .gnu.attributes
                0x00000060       0x10 /opt/microchip/xc32/v1.44/bin/bin/../../lib/gcc/pic32mx/4.8.3/../../../../pic32mx/lib/micromips/liblega-c.a(_iobdata.o)
 .gnu.attributes
                0x00000070       0x10 /opt/microchip/xc32/v1.44/bin/bin/../../lib/gcc/pic32mx/4.8.3/../../../../pic32mx/lib/micromips/liblega-c.a(_iobfuncs.o)
 .gnu.attributes
                0x00000080       0x10 /opt/microchip/xc32/v1.44/bin/bin/../../lib/gcc/pic32mx/4.8.3/../../../../pic32mx/lib/micromips/liblega-c.a(_iobstring.o)
 .gnu.attributes
                0x00000090       0x10 /opt/microchip/xc32/v1.44/bin/bin/../../lib/gcc/pic32mx/4.8.3/../../../../pic32mx/lib/micromips/liblega-c.a(fputc.o)
 .gnu.attributes
                0x000000a0       0x10 /opt/microchip/xc32/v1.44/bin/bin/../../lib/gcc/pic32mx/4.8.3/../../../../pic32mx/lib/micromips/liblega-c.a(errno.o)
 .gnu.attributes
                0x000000b0       0x10 /opt/microchip/xc32/v1.44/bin/bin/../../lib/gcc/pic32mx/4.8.3/micromips/libgcc.a(_udivdi3.o)
 .gnu.attributes
                0x000000c0       0x10 /opt/microchip/xc32/v1.44/bin/bin/../../lib/gcc/pic32mx/4.8.3/micromips/libgcc.a(_umoddi3.o)
 .gnu.attributes
                0x000000d0       0x10 /opt/microchip/xc32/v1.44/bin/bin/../../lib/gcc/pic32mx/4.8.3/../../../../pic32mx/lib/micromips/libpic32.a(_mon_write.o)
LOAD /opt/microchip/xc32/v1.44/bin/bin/../../lib/gcc/pic32mx/4.8.3/../../../../pic32mx/lib/./proc/32MM0064GPL028/default_isr_vectors.o
LOAD /opt/microchip/xc32/v1.44/bin/bin/../../lib/gcc/pic32mx/4.8.3/../../../../pic32mx/lib/micromips/pic32_software_reset-mm.o
LOAD /opt/microchip/xc32/v1.44/bin/bin/../../lib/gcc/pic32mx/4.8.3/micromips/libgcc.a
START GROUP
LOAD /opt/microchip/xc32/v1.44/bin/bin/../../lib/gcc/pic32mx/4.8.3/../../../../pic32mx/lib/micromips/libpic32.a
LOAD /opt/microchip/xc32/v1.44/bin/bin/../../lib/gcc/pic32mx/4.8.3/../../../../pic32mx/lib/micromips/libdebug.a
LOAD /opt/microchip/xc32/v1.44/bin/bin/../../lib/gcc/pic32mx/4.8.3/../../../../pic32mx/lib/micromips/libpic32.a
LOAD /opt/microchip/xc32/v1.44/bin/bin/../../lib/gcc/pic32mx/4.8.3/../../../../pic32mx/lib/micromips/liblega-c.a
LOAD /opt/microchip/xc32/v1.44/bin/bin/../../lib/gcc/pic32mx/4.8.3/../../../../pic32mx/lib/micromips/libm.a
LOAD /opt/microchip/xc32/v1.44/bin/bin/../../lib/gcc/pic32mx/4.8.3/../../../../pic32mx/lib/micromips/libe.a
LOAD /opt/microchip/xc32/v1.44/bin/bin/../../lib/gcc/pic32mx/4.8.3/../../../../pic32mx/lib/micromips/libdsp.a
LOAD /opt/microchip/xc32/v1.44/bin/bin/../../lib/gcc/pic32mx/4.8.3/micromips/libgcc.a
LOAD /opt/microchip/xc32/v1.44/bin/bin/../../lib/gcc/pic32mx/4.8.3/../../../../pic32mx/lib/micromips/libpic32.a
END GROUP
LOAD /opt/microchip/xc32/v1.44/bin/bin/../../lib/gcc/pic32mx/4.8.3/micromips/libgcc.a
OUTPUT(dist/uart/production/w-bt_app.X.production.elf elf32-tradlittlemips)
LOAD stack
LOAD data_init

.reginfo        0x00000000       0x18
 .reginfo       0x00000000       0x18 /opt/microchip/xc32/v1.44/bin/bin/../../lib/gcc/pic32mx/4.8.3/../../../../pic32mx/lib/./proc/32MM0064GPL028/crt0_micromips.o

.info.EZBL_metaParameters
                0x00000000        0x8
 .info.EZBL_metaParameters
                0x00000000        0x8 build/uart/production/ezbl_integration/ex_boot_uart_pic32mm.merge.o

.stack          0x80000518      0x400
 .stack         0x80000518      0x400 stack

.data           0x80000390       0xd4
 .data          0x80000390       0xd4 /opt/microchip/xc32/v1.44/bin/bin/../../lib/gcc/pic32mx/4.8.3/../../../../pic32mx/lib/micromips/liblega-c.a(_iobdata.o)

.bss            0x80000464       0x88
 .bss           0x80000464       0x88 /opt/microchip/xc32/v1.44/bin/bin/../../lib/gcc/pic32mx/4.8.3/../../../../pic32mx/lib/micromips/liblega-c.a(_iobdata.o)

.bss            0x00000000        0x0
 .bss           0x00000000        0x0 /opt/microchip/xc32/v1.44/bin/bin/../../lib/gcc/pic32mx/4.8.3/../../../../pic32mx/lib/micromips/libpic32.a(_mon_write.o)

.data           0x00000000        0x0
 .data          0x00000000        0x0 /opt/microchip/xc32/v1.44/bin/bin/../../lib/gcc/pic32mx/4.8.3/../../../../pic32mx/lib/micromips/libpic32.a(_mon_write.o)

.bss            0x00000000        0x0
 .bss           0x00000000        0x0 /opt/microchip/xc32/v1.44/bin/bin/../../lib/gcc/pic32mx/4.8.3/micromips/libgcc.a(_umoddi3.o)

.data           0x00000000        0x0
 .data          0x00000000        0x0 /opt/microchip/xc32/v1.44/bin/bin/../../lib/gcc/pic32mx/4.8.3/micromips/libgcc.a(_umoddi3.o)

.bss            0x00000000        0x0
 .bss           0x00000000        0x0 /opt/microchip/xc32/v1.44/bin/bin/../../lib/gcc/pic32mx/4.8.3/micromips/libgcc.a(_udivdi3.o)

.data           0x00000000        0x0
 .data          0x00000000        0x0 /opt/microchip/xc32/v1.44/bin/bin/../../lib/gcc/pic32mx/4.8.3/micromips/libgcc.a(_udivdi3.o)

.bss            0x00000000        0x0
 .bss           0x00000000        0x0 /opt/microchip/xc32/v1.44/bin/bin/../../lib/gcc/pic32mx/4.8.3/../../../../pic32mx/lib/micromips/liblega-c.a(errno.o)

.data           0x00000000        0x0
 .data          0x00000000        0x0 /opt/microchip/xc32/v1.44/bin/bin/../../lib/gcc/pic32mx/4.8.3/../../../../pic32mx/lib/micromips/liblega-c.a(errno.o)

.bss            0x00000000        0x0
 .bss           0x00000000        0x0 /opt/microchip/xc32/v1.44/bin/bin/../../lib/gcc/pic32mx/4.8.3/../../../../pic32mx/lib/micromips/liblega-c.a(fputc.o)

.data           0x00000000        0x0
 .data          0x00000000        0x0 /opt/microchip/xc32/v1.44/bin/bin/../../lib/gcc/pic32mx/4.8.3/../../../../pic32mx/lib/micromips/liblega-c.a(fputc.o)

.bss            0x00000000        0x0
 .bss           0x00000000        0x0 /opt/microchip/xc32/v1.44/bin/bin/../../lib/gcc/pic32mx/4.8.3/../../../../pic32mx/lib/micromips/liblega-c.a(_iobstring.o)

.data           0x00000000        0x0
 .data          0x00000000        0x0 /opt/microchip/xc32/v1.44/bin/bin/../../lib/gcc/pic32mx/4.8.3/../../../../pic32mx/lib/micromips/liblega-c.a(_iobstring.o)

.bss            0x00000000        0x0
 .bss           0x00000000        0x0 /opt/microchip/xc32/v1.44/bin/bin/../../lib/gcc/pic32mx/4.8.3/../../../../pic32mx/lib/micromips/liblega-c.a(_iobfuncs.o)

.data           0x00000000        0x0
 .data          0x00000000        0x0 /opt/microchip/xc32/v1.44/bin/bin/../../lib/gcc/pic32mx/4.8.3/../../../../pic32mx/lib/micromips/liblega-c.a(_iobfuncs.o)

.bss            0x00000000        0x0
 .bss           0x00000000        0x0 /opt/microchip/xc32/v1.44/bin/bin/../../lib/gcc/pic32mx/4.8.3/../../../../pic32mx/lib/micromips/liblega-c.a(_doprnt_cdnopuxX.eo)

.data           0x00000000        0x0
 .data          0x00000000        0x0 /opt/microchip/xc32/v1.44/bin/bin/../../lib/gcc/pic32mx/4.8.3/../../../../pic32mx/lib/micromips/liblega-c.a(_doprnt_cdnopuxX.eo)

.bss            0x00000000        0x0
 .bss           0x00000000        0x0 /opt/microchip/xc32/v1.44/bin/bin/../../lib/gcc/pic32mx/4.8.3/../../../../pic32mx/lib/micromips/liblega-c.a(sprintf_cdnopuxX.eo)

.data           0x00000000        0x0
 .data          0x00000000        0x0 /opt/microchip/xc32/v1.44/bin/bin/../../lib/gcc/pic32mx/4.8.3/../../../../pic32mx/lib/micromips/liblega-c.a(sprintf_cdnopuxX.eo)

.bss            0x00000000        0x0
 .bss           0x00000000        0x0 /opt/microchip/xc32/v1.44/bin/bin/../../lib/gcc/pic32mx/4.8.3/../../../../pic32mx/lib/micromips/liblega-c.a(strncmp.o)

.data           0x00000000        0x0
 .data          0x00000000        0x0 /opt/microchip/xc32/v1.44/bin/bin/../../lib/gcc/pic32mx/4.8.3/../../../../pic32mx/lib/micromips/liblega-c.a(strncmp.o)

.bss            0x00000000        0x0
 .bss           0x00000000        0x0 /opt/microchip/xc32/v1.44/bin/bin/../../lib/gcc/pic32mx/4.8.3/../../../../pic32mx/lib/micromips/libpic32.a(vector47.o)

.data           0x00000000        0x0
 .data          0x00000000        0x0 /opt/microchip/xc32/v1.44/bin/bin/../../lib/gcc/pic32mx/4.8.3/../../../../pic32mx/lib/micromips/libpic32.a(vector47.o)

.bss            0x00000000        0x0
 .bss           0x00000000        0x0 /opt/microchip/xc32/v1.44/bin/bin/../../lib/gcc/pic32mx/4.8.3/../../../../pic32mx/lib/micromips/libpic32.a(vector46.o)

.data           0x00000000        0x0
 .data          0x00000000        0x0 /opt/microchip/xc32/v1.44/bin/bin/../../lib/gcc/pic32mx/4.8.3/../../../../pic32mx/lib/micromips/libpic32.a(vector46.o)

.bss            0x00000000        0x0
 .bss           0x00000000        0x0 /opt/microchip/xc32/v1.44/bin/bin/../../lib/gcc/pic32mx/4.8.3/../../../../pic32mx/lib/micromips/libpic32.a(vector45.o)

.data           0x00000000        0x0
 .data          0x00000000        0x0 /opt/microchip/xc32/v1.44/bin/bin/../../lib/gcc/pic32mx/4.8.3/../../../../pic32mx/lib/micromips/libpic32.a(vector45.o)

.bss            0x00000000        0x0
 .bss           0x00000000        0x0 /opt/microchip/xc32/v1.44/bin/bin/../../lib/gcc/pic32mx/4.8.3/../../../../pic32mx/lib/micromips/libpic32.a(vector44.o)

.data           0x00000000        0x0
 .data          0x00000000        0x0 /opt/microchip/xc32/v1.44/bin/bin/../../lib/gcc/pic32mx/4.8.3/../../../../pic32mx/lib/micromips/libpic32.a(vector44.o)

.bss            0x00000000        0x0
 .bss           0x00000000        0x0 /opt/microchip/xc32/v1.44/bin/bin/../../lib/gcc/pic32mx/4.8.3/../../../../pic32mx/lib/micromips/libpic32.a(vector43.o)

.data           0x00000000        0x0
 .data          0x00000000        0x0 /opt/microchip/xc32/v1.44/bin/bin/../../lib/gcc/pic32mx/4.8.3/../../../../pic32mx/lib/micromips/libpic32.a(vector43.o)

.bss            0x00000000        0x0
 .bss           0x00000000        0x0 /opt/microchip/xc32/v1.44/bin/bin/../../lib/gcc/pic32mx/4.8.3/../../../../pic32mx/lib/micromips/libpic32.a(vector42.o)

.data           0x00000000        0x0
 .data          0x00000000        0x0 /opt/microchip/xc32/v1.44/bin/bin/../../lib/gcc/pic32mx/4.8.3/../../../../pic32mx/lib/micromips/libpic32.a(vector42.o)

.bss            0x00000000        0x0
 .bss           0x00000000        0x0 /opt/microchip/xc32/v1.44/bin/bin/../../lib/gcc/pic32mx/4.8.3/../../../../pic32mx/lib/micromips/libpic32.a(vector41.o)

.data           0x00000000        0x0
 .data          0x00000000        0x0 /opt/microchip/xc32/v1.44/bin/bin/../../lib/gcc/pic32mx/4.8.3/../../../../pic32mx/lib/micromips/libpic32.a(vector41.o)

.bss            0x00000000        0x0
 .bss           0x00000000        0x0 /opt/microchip/xc32/v1.44/bin/bin/../../lib/gcc/pic32mx/4.8.3/../../../../pic32mx/lib/micromips/libpic32.a(vector40.o)

.data           0x00000000        0x0
 .data          0x00000000        0x0 /opt/microchip/xc32/v1.44/bin/bin/../../lib/gcc/pic32mx/4.8.3/../../../../pic32mx/lib/micromips/libpic32.a(vector40.o)

.bss            0x00000000        0x0
 .bss           0x00000000        0x0 /opt/microchip/xc32/v1.44/bin/bin/../../lib/gcc/pic32mx/4.8.3/../../../../pic32mx/lib/micromips/libpic32.a(vector39.o)

.data           0x00000000        0x0
 .data          0x00000000        0x0 /opt/microchip/xc32/v1.44/bin/bin/../../lib/gcc/pic32mx/4.8.3/../../../../pic32mx/lib/micromips/libpic32.a(vector39.o)

.bss            0x00000000        0x0
 .bss           0x00000000        0x0 /opt/microchip/xc32/v1.44/bin/bin/../../lib/gcc/pic32mx/4.8.3/../../../../pic32mx/lib/micromips/libpic32.a(vector38.o)

.data           0x00000000        0x0
 .data          0x00000000        0x0 /opt/microchip/xc32/v1.44/bin/bin/../../lib/gcc/pic32mx/4.8.3/../../../../pic32mx/lib/micromips/libpic32.a(vector38.o)

.bss            0x00000000        0x0
 .bss           0x00000000        0x0 /opt/microchip/xc32/v1.44/bin/bin/../../lib/gcc/pic32mx/4.8.3/../../../../pic32mx/lib/micromips/libpic32.a(vector37.o)

.data           0x00000000        0x0
 .data          0x00000000        0x0 /opt/microchip/xc32/v1.44/bin/bin/../../lib/gcc/pic32mx/4.8.3/../../../../pic32mx/lib/micromips/libpic32.a(vector37.o)

.bss            0x00000000        0x0
 .bss           0x00000000        0x0 /opt/microchip/xc32/v1.44/bin/bin/../../lib/gcc/pic32mx/4.8.3/../../../../pic32mx/lib/micromips/libpic32.a(vector36.o)

.data           0x00000000        0x0
 .data          0x00000000        0x0 /opt/microchip/xc32/v1.44/bin/bin/../../lib/gcc/pic32mx/4.8.3/../../../../pic32mx/lib/micromips/libpic32.a(vector36.o)

.bss            0x00000000        0x0
 .bss           0x00000000        0x0 /opt/microchip/xc32/v1.44/bin/bin/../../lib/gcc/pic32mx/4.8.3/../../../../pic32mx/lib/micromips/libpic32.a(vector35.o)

.data           0x00000000        0x0
 .data          0x00000000        0x0 /opt/microchip/xc32/v1.44/bin/bin/../../lib/gcc/pic32mx/4.8.3/../../../../pic32mx/lib/micromips/libpic32.a(vector35.o)

.bss            0x00000000        0x0
 .bss           0x00000000        0x0 /opt/microchip/xc32/v1.44/bin/bin/../../lib/gcc/pic32mx/4.8.3/../../../../pic32mx/lib/micromips/libpic32.a(vector34.o)

.data           0x00000000        0x0
 .data          0x00000000        0x0 /opt/microchip/xc32/v1.44/bin/bin/../../lib/gcc/pic32mx/4.8.3/../../../../pic32mx/lib/micromips/libpic32.a(vector34.o)

.bss            0x00000000        0x0
 .bss           0x00000000        0x0 /opt/microchip/xc32/v1.44/bin/bin/../../lib/gcc/pic32mx/4.8.3/../../../../pic32mx/lib/micromips/libpic32.a(vector33.o)

.data           0x00000000        0x0
 .data          0x00000000        0x0 /opt/microchip/xc32/v1.44/bin/bin/../../lib/gcc/pic32mx/4.8.3/../../../../pic32mx/lib/micromips/libpic32.a(vector33.o)

.bss            0x00000000        0x0
 .bss           0x00000000        0x0 /opt/microchip/xc32/v1.44/bin/bin/../../lib/gcc/pic32mx/4.8.3/../../../../pic32mx/lib/micromips/libpic32.a(vector32.o)

.data           0x00000000        0x0
 .data          0x00000000        0x0 /opt/microchip/xc32/v1.44/bin/bin/../../lib/gcc/pic32mx/4.8.3/../../../../pic32mx/lib/micromips/libpic32.a(vector32.o)

.bss            0x00000000        0x0
 .bss           0x00000000        0x0 /opt/microchip/xc32/v1.44/bin/bin/../../lib/gcc/pic32mx/4.8.3/../../../../pic32mx/lib/micromips/libpic32.a(vector31.o)

.data           0x00000000        0x0
 .data          0x00000000        0x0 /opt/microchip/xc32/v1.44/bin/bin/../../lib/gcc/pic32mx/4.8.3/../../../../pic32mx/lib/micromips/libpic32.a(vector31.o)

.bss            0x00000000        0x0
 .bss           0x00000000        0x0 /opt/microchip/xc32/v1.44/bin/bin/../../lib/gcc/pic32mx/4.8.3/../../../../pic32mx/lib/micromips/libpic32.a(vector30.o)

.data           0x00000000        0x0
 .data          0x00000000        0x0 /opt/microchip/xc32/v1.44/bin/bin/../../lib/gcc/pic32mx/4.8.3/../../../../pic32mx/lib/micromips/libpic32.a(vector30.o)

.bss            0x00000000        0x0
 .bss           0x00000000        0x0 /opt/microchip/xc32/v1.44/bin/bin/../../lib/gcc/pic32mx/4.8.3/../../../../pic32mx/lib/micromips/libpic32.a(vector29.o)

.data           0x00000000        0x0
 .data          0x00000000        0x0 /opt/microchip/xc32/v1.44/bin/bin/../../lib/gcc/pic32mx/4.8.3/../../../../pic32mx/lib/micromips/libpic32.a(vector29.o)

.bss            0x00000000        0x0
 .bss           0x00000000        0x0 /opt/microchip/xc32/v1.44/bin/bin/../../lib/gcc/pic32mx/4.8.3/../../../../pic32mx/lib/micromips/libpic32.a(vector28.o)

.data           0x00000000        0x0
 .data          0x00000000        0x0 /opt/microchip/xc32/v1.44/bin/bin/../../lib/gcc/pic32mx/4.8.3/../../../../pic32mx/lib/micromips/libpic32.a(vector28.o)

.bss            0x00000000        0x0
 .bss           0x00000000        0x0 /opt/microchip/xc32/v1.44/bin/bin/../../lib/gcc/pic32mx/4.8.3/../../../../pic32mx/lib/micromips/libpic32.a(vector27.o)

.data           0x00000000        0x0
 .data          0x00000000        0x0 /opt/microchip/xc32/v1.44/bin/bin/../../lib/gcc/pic32mx/4.8.3/../../../../pic32mx/lib/micromips/libpic32.a(vector27.o)

.bss            0x00000000        0x0
 .bss           0x00000000        0x0 /opt/microchip/xc32/v1.44/bin/bin/../../lib/gcc/pic32mx/4.8.3/../../../../pic32mx/lib/micromips/libpic32.a(vector26.o)

.data           0x00000000        0x0
 .data          0x00000000        0x0 /opt/microchip/xc32/v1.44/bin/bin/../../lib/gcc/pic32mx/4.8.3/../../../../pic32mx/lib/micromips/libpic32.a(vector26.o)

.bss            0x00000000        0x0
 .bss           0x00000000        0x0 /opt/microchip/xc32/v1.44/bin/bin/../../lib/gcc/pic32mx/4.8.3/../../../../pic32mx/lib/micromips/libpic32.a(vector25.o)

.data           0x00000000        0x0
 .data          0x00000000        0x0 /opt/microchip/xc32/v1.44/bin/bin/../../lib/gcc/pic32mx/4.8.3/../../../../pic32mx/lib/micromips/libpic32.a(vector25.o)

.bss            0x00000000        0x0
 .bss           0x00000000        0x0 /opt/microchip/xc32/v1.44/bin/bin/../../lib/gcc/pic32mx/4.8.3/../../../../pic32mx/lib/micromips/libpic32.a(vector22.o)

.data           0x00000000        0x0
 .data          0x00000000        0x0 /opt/microchip/xc32/v1.44/bin/bin/../../lib/gcc/pic32mx/4.8.3/../../../../pic32mx/lib/micromips/libpic32.a(vector22.o)

.bss            0x00000000        0x0
 .bss           0x00000000        0x0 /opt/microchip/xc32/v1.44/bin/bin/../../lib/gcc/pic32mx/4.8.3/../../../../pic32mx/lib/micromips/libpic32.a(vector21.o)

.data           0x00000000        0x0
 .data          0x00000000        0x0 /opt/microchip/xc32/v1.44/bin/bin/../../lib/gcc/pic32mx/4.8.3/../../../../pic32mx/lib/micromips/libpic32.a(vector21.o)

.bss            0x00000000        0x0
 .bss           0x00000000        0x0 /opt/microchip/xc32/v1.44/bin/bin/../../lib/gcc/pic32mx/4.8.3/../../../../pic32mx/lib/micromips/libpic32.a(vector20.o)

.data           0x00000000        0x0
 .data          0x00000000        0x0 /opt/microchip/xc32/v1.44/bin/bin/../../lib/gcc/pic32mx/4.8.3/../../../../pic32mx/lib/micromips/libpic32.a(vector20.o)

.bss            0x00000000        0x0
 .bss           0x00000000        0x0 /opt/microchip/xc32/v1.44/bin/bin/../../lib/gcc/pic32mx/4.8.3/../../../../pic32mx/lib/micromips/libpic32.a(vector19.o)

.data           0x00000000        0x0
 .data          0x00000000        0x0 /opt/microchip/xc32/v1.44/bin/bin/../../lib/gcc/pic32mx/4.8.3/../../../../pic32mx/lib/micromips/libpic32.a(vector19.o)

.bss            0x00000000        0x0
 .bss           0x00000000        0x0 /opt/microchip/xc32/v1.44/bin/bin/../../lib/gcc/pic32mx/4.8.3/../../../../pic32mx/lib/micromips/libpic32.a(vector18.o)

.data           0x00000000        0x0
 .data          0x00000000        0x0 /opt/microchip/xc32/v1.44/bin/bin/../../lib/gcc/pic32mx/4.8.3/../../../../pic32mx/lib/micromips/libpic32.a(vector18.o)

.bss            0x00000000        0x0
 .bss           0x00000000        0x0 /opt/microchip/xc32/v1.44/bin/bin/../../lib/gcc/pic32mx/4.8.3/../../../../pic32mx/lib/micromips/libpic32.a(vector17.o)

.data           0x00000000        0x0
 .data          0x00000000        0x0 /opt/microchip/xc32/v1.44/bin/bin/../../lib/gcc/pic32mx/4.8.3/../../../../pic32mx/lib/micromips/libpic32.a(vector17.o)

.bss            0x00000000        0x0
 .bss           0x00000000        0x0 /opt/microchip/xc32/v1.44/bin/bin/../../lib/gcc/pic32mx/4.8.3/../../../../pic32mx/lib/micromips/libpic32.a(vector16.o)

.data           0x00000000        0x0
 .data          0x00000000        0x0 /opt/microchip/xc32/v1.44/bin/bin/../../lib/gcc/pic32mx/4.8.3/../../../../pic32mx/lib/micromips/libpic32.a(vector16.o)

.bss            0x00000000        0x0
 .bss           0x00000000        0x0 /opt/microchip/xc32/v1.44/bin/bin/../../lib/gcc/pic32mx/4.8.3/../../../../pic32mx/lib/micromips/libpic32.a(vector15.o)

.data           0x00000000        0x0
 .data          0x00000000        0x0 /opt/microchip/xc32/v1.44/bin/bin/../../lib/gcc/pic32mx/4.8.3/../../../../pic32mx/lib/micromips/libpic32.a(vector15.o)

.bss            0x00000000        0x0
 .bss           0x00000000        0x0 /opt/microchip/xc32/v1.44/bin/bin/../../lib/gcc/pic32mx/4.8.3/../../../../pic32mx/lib/micromips/libpic32.a(vector14.o)

.data           0x00000000        0x0
 .data          0x00000000        0x0 /opt/microchip/xc32/v1.44/bin/bin/../../lib/gcc/pic32mx/4.8.3/../../../../pic32mx/lib/micromips/libpic32.a(vector14.o)

.bss            0x00000000        0x0
 .bss           0x00000000        0x0 /opt/microchip/xc32/v1.44/bin/bin/../../lib/gcc/pic32mx/4.8.3/../../../../pic32mx/lib/micromips/libpic32.a(vector13.o)

.data           0x00000000        0x0
 .data          0x00000000        0x0 /opt/microchip/xc32/v1.44/bin/bin/../../lib/gcc/pic32mx/4.8.3/../../../../pic32mx/lib/micromips/libpic32.a(vector13.o)

.bss            0x00000000        0x0
 .bss           0x00000000        0x0 /opt/microchip/xc32/v1.44/bin/bin/../../lib/gcc/pic32mx/4.8.3/../../../../pic32mx/lib/micromips/libpic32.a(vector12.o)

.data           0x00000000        0x0
 .data          0x00000000        0x0 /opt/microchip/xc32/v1.44/bin/bin/../../lib/gcc/pic32mx/4.8.3/../../../../pic32mx/lib/micromips/libpic32.a(vector12.o)

.bss            0x00000000        0x0
 .bss           0x00000000        0x0 /opt/microchip/xc32/v1.44/bin/bin/../../lib/gcc/pic32mx/4.8.3/../../../../pic32mx/lib/micromips/libpic32.a(vector11.o)

.data           0x00000000        0x0
 .data          0x00000000        0x0 /opt/microchip/xc32/v1.44/bin/bin/../../lib/gcc/pic32mx/4.8.3/../../../../pic32mx/lib/micromips/libpic32.a(vector11.o)

.bss            0x00000000        0x0
 .bss           0x00000000        0x0 /opt/microchip/xc32/v1.44/bin/bin/../../lib/gcc/pic32mx/4.8.3/../../../../pic32mx/lib/micromips/libpic32.a(vector10.o)

.data           0x00000000        0x0
 .data          0x00000000        0x0 /opt/microchip/xc32/v1.44/bin/bin/../../lib/gcc/pic32mx/4.8.3/../../../../pic32mx/lib/micromips/libpic32.a(vector10.o)

.bss            0x00000000        0x0
 .bss           0x00000000        0x0 /opt/microchip/xc32/v1.44/bin/bin/../../lib/gcc/pic32mx/4.8.3/../../../../pic32mx/lib/micromips/libpic32.a(vector9.o)

.data           0x00000000        0x0
 .data          0x00000000        0x0 /opt/microchip/xc32/v1.44/bin/bin/../../lib/gcc/pic32mx/4.8.3/../../../../pic32mx/lib/micromips/libpic32.a(vector9.o)

.bss            0x00000000        0x0
 .bss           0x00000000        0x0 /opt/microchip/xc32/v1.44/bin/bin/../../lib/gcc/pic32mx/4.8.3/../../../../pic32mx/lib/micromips/libpic32.a(vector8.o)

.data           0x00000000        0x0
 .data          0x00000000        0x0 /opt/microchip/xc32/v1.44/bin/bin/../../lib/gcc/pic32mx/4.8.3/../../../../pic32mx/lib/micromips/libpic32.a(vector8.o)

.bss            0x00000000        0x0
 .bss           0x00000000        0x0 /opt/microchip/xc32/v1.44/bin/bin/../../lib/gcc/pic32mx/4.8.3/../../../../pic32mx/lib/micromips/libpic32.a(vector7.o)

.data           0x00000000        0x0
 .data          0x00000000        0x0 /opt/microchip/xc32/v1.44/bin/bin/../../lib/gcc/pic32mx/4.8.3/../../../../pic32mx/lib/micromips/libpic32.a(vector7.o)

.bss            0x00000000        0x0
 .bss           0x00000000        0x0 /opt/microchip/xc32/v1.44/bin/bin/../../lib/gcc/pic32mx/4.8.3/../../../../pic32mx/lib/micromips/libpic32.a(vector6.o)

.data           0x00000000        0x0
 .data          0x00000000        0x0 /opt/microchip/xc32/v1.44/bin/bin/../../lib/gcc/pic32mx/4.8.3/../../../../pic32mx/lib/micromips/libpic32.a(vector6.o)

.bss            0x00000000        0x0
 .bss           0x00000000        0x0 /opt/microchip/xc32/v1.44/bin/bin/../../lib/gcc/pic32mx/4.8.3/../../../../pic32mx/lib/micromips/libpic32.a(vector5.o)

.data           0x00000000        0x0
 .data          0x00000000        0x0 /opt/microchip/xc32/v1.44/bin/bin/../../lib/gcc/pic32mx/4.8.3/../../../../pic32mx/lib/micromips/libpic32.a(vector5.o)

.bss            0x00000000        0x0
 .bss           0x00000000        0x0 /opt/microchip/xc32/v1.44/bin/bin/../../lib/gcc/pic32mx/4.8.3/../../../../pic32mx/lib/micromips/libpic32.a(vector4.o)

.data           0x00000000        0x0
 .data          0x00000000        0x0 /opt/microchip/xc32/v1.44/bin/bin/../../lib/gcc/pic32mx/4.8.3/../../../../pic32mx/lib/micromips/libpic32.a(vector4.o)

.bss            0x00000000        0x0
 .bss           0x00000000        0x0 /opt/microchip/xc32/v1.44/bin/bin/../../lib/gcc/pic32mx/4.8.3/../../../../pic32mx/lib/micromips/libpic32.a(vector3.o)

.data           0x00000000        0x0
 .data          0x00000000        0x0 /opt/microchip/xc32/v1.44/bin/bin/../../lib/gcc/pic32mx/4.8.3/../../../../pic32mx/lib/micromips/libpic32.a(vector3.o)

.bss            0x00000000        0x0
 .bss           0x00000000        0x0 /opt/microchip/xc32/v1.44/bin/bin/../../lib/gcc/pic32mx/4.8.3/../../../../pic32mx/lib/micromips/libpic32.a(vector2.o)

.data           0x00000000        0x0
 .data          0x00000000        0x0 /opt/microchip/xc32/v1.44/bin/bin/../../lib/gcc/pic32mx/4.8.3/../../../../pic32mx/lib/micromips/libpic32.a(vector2.o)

.bss            0x00000000        0x0
 .bss           0x00000000        0x0 /opt/microchip/xc32/v1.44/bin/bin/../../lib/gcc/pic32mx/4.8.3/../../../../pic32mx/lib/micromips/libpic32.a(vector1.o)

.data           0x00000000        0x0
 .data          0x00000000        0x0 /opt/microchip/xc32/v1.44/bin/bin/../../lib/gcc/pic32mx/4.8.3/../../../../pic32mx/lib/micromips/libpic32.a(vector1.o)

.bss            0x00000000        0x0
 .bss           0x00000000        0x0 /opt/microchip/xc32/v1.44/bin/bin/../../lib/gcc/pic32mx/4.8.3/../../../../pic32mx/lib/micromips/libpic32.a(vector0.o)

.data           0x00000000        0x0
 .data          0x00000000        0x0 /opt/microchip/xc32/v1.44/bin/bin/../../lib/gcc/pic32mx/4.8.3/../../../../pic32mx/lib/micromips/libpic32.a(vector0.o)

.bss            0x00000000        0x0
 .bss           0x00000000        0x0 /opt/microchip/xc32/v1.44/bin/bin/../../lib/gcc/pic32mx/4.8.3/../../../../pic32mx/lib/micromips/libpic32.a(default-nmi-handler.o)

.data           0x00000000        0x0
 .data          0x00000000        0x0 /opt/microchip/xc32/v1.44/bin/bin/../../lib/gcc/pic32mx/4.8.3/../../../../pic32mx/lib/micromips/libpic32.a(default-nmi-handler.o)

.bss            0x00000000        0x0
 .bss           0x00000000        0x0 /opt/microchip/xc32/v1.44/bin/bin/../../lib/gcc/pic32mx/4.8.3/../../../../pic32mx/lib/micromips/libpic32.a(default-on-bootstrap.o)

.data           0x00000000        0x0
 .data          0x00000000        0x0 /opt/microchip/xc32/v1.44/bin/bin/../../lib/gcc/pic32mx/4.8.3/../../../../pic32mx/lib/micromips/libpic32.a(default-on-bootstrap.o)

.bss            0x00000000        0x0
 .bss           0x00000000        0x0 /opt/microchip/xc32/v1.44/bin/bin/../../lib/gcc/pic32mx/4.8.3/../../../../pic32mx/lib/micromips/libpic32.a(default-on-reset.o)

.data           0x00000000        0x0
 .data          0x00000000        0x0 /opt/microchip/xc32/v1.44/bin/bin/../../lib/gcc/pic32mx/4.8.3/../../../../pic32mx/lib/micromips/libpic32.a(default-on-reset.o)

.bss            0x00000000        0x0
 .bss           0x00000000        0x0 /opt/microchip/xc32/v1.44/bin/bin/../../lib/gcc/pic32mx/4.8.3/../../../../pic32mx/lib/micromips/libpic32.a(strlen.o)

.data           0x00000000        0x0
 .data          0x00000000        0x0 /opt/microchip/xc32/v1.44/bin/bin/../../lib/gcc/pic32mx/4.8.3/../../../../pic32mx/lib/micromips/libpic32.a(strlen.o)

.bss            0x00000000        0x0
 .bss           0x00000000        0x0 /opt/microchip/xc32/v1.44/bin/bin/../../lib/gcc/pic32mx/4.8.3/../../../../pic32mx/lib/micromips/pic32_software_reset-mm.o

.data           0x00000000        0x0
 .data          0x00000000        0x0 /opt/microchip/xc32/v1.44/bin/bin/../../lib/gcc/pic32mx/4.8.3/../../../../pic32mx/lib/micromips/pic32_software_reset-mm.o

.bss            0x00000000        0x0
 .bss           0x00000000        0x0 /opt/microchip/xc32/v1.44/bin/bin/../../lib/gcc/pic32mx/4.8.3/../../../../pic32mx/lib/./proc/32MM0064GPL028/default_isr_vectors.o

.data           0x00000000        0x0
 .data          0x00000000        0x0 /opt/microchip/xc32/v1.44/bin/bin/../../lib/gcc/pic32mx/4.8.3/../../../../pic32mx/lib/./proc/32MM0064GPL028/default_isr_vectors.o

.bss            0x00000000        0x0
 .bss           0x00000000        0x0 /opt/microchip/xc32/v1.44/bin/bin/../../lib/gcc/pic32mx/4.8.3/../../../../pic32mx/lib/./proc/32MM0064GPL028/processor.o

.data           0x00000000        0x0
 .data          0x00000000        0x0 /opt/microchip/xc32/v1.44/bin/bin/../../lib/gcc/pic32mx/4.8.3/../../../../pic32mx/lib/./proc/32MM0064GPL028/processor.o

.bss            0x00000000        0x0
 .bss           0x00000000        0x0 build/uart/production/ezbl_integration/ex_boot_uart_pic32mm.merge.o

.data           0x00000000        0x0
 .data          0x00000000        0x0 build/uart/production/ezbl_integration/ex_boot_uart_pic32mm.merge.o

.bss            0x00000000        0x0
 .bss           0x00000000        0x0 build/uart/production/main.o

.data           0x00000000        0x0
 .data          0x00000000        0x0 build/uart/production/main.o

.bss            0x00000000        0x0
 .bss           0x00000000        0x0 /opt/microchip/xc32/v1.44/bin/bin/../../lib/gcc/pic32mx/4.8.3/../../../../pic32mx/lib/micromips/debug-exception-return-mm.o

.data           0x00000000        0x0
 .data          0x00000000        0x0 /opt/microchip/xc32/v1.44/bin/bin/../../lib/gcc/pic32mx/4.8.3/../../../../pic32mx/lib/micromips/debug-exception-return-mm.o

.bss            0x00000000        0x0
 .bss           0x00000000        0x0 /opt/microchip/xc32/v1.44/bin/bin/../../lib/gcc/pic32mx/4.8.3/../../../../pic32mx/lib/./proc/32MM0064GPL028/crt0_micromips.o

.data           0x00000000        0x0
 .data          0x00000000        0x0 /opt/microchip/xc32/v1.44/bin/bin/../../lib/gcc/pic32mx/4.8.3/../../../../pic32mx/lib/./proc/32MM0064GPL028/crt0_micromips.o

.text._do_print_cdnopuxX
                0x9d0029cc      0x7e0
 .text._do_print_cdnopuxX
                0x9d0029cc      0x7e0 /opt/microchip/xc32/v1.44/bin/bin/../../lib/gcc/pic32mx/4.8.3/../../../../pic32mx/lib/micromips/liblega-c.a(_doprnt_cdnopuxX.eo)
                0x9d0029cd                _do_print_cdnopuxX

.text           0x9d0022c8      0x390
 .text          0x9d0022c8      0x390 /opt/microchip/xc32/v1.44/bin/bin/../../lib/gcc/pic32mx/4.8.3/micromips/libgcc.a(_umoddi3.o)
                0x9d0022c9                __umoddi3

.text           0x9d0031ac      0x66c
 .text          0x9d0031ac      0x384 /opt/microchip/xc32/v1.44/bin/bin/../../lib/gcc/pic32mx/4.8.3/micromips/libgcc.a(_udivdi3.o)
                0x9d0031ad                __udivdi3
 .text          0x9d003530      0x2e8 build/uart/production/main.o
                0x9d003531                prefix
                0x9d00356d                doADC
                0x9d0035f9                main
                0x9d0037f9                EZBL_BootloadRequest

.dinit          0x9d002020      0x120
 .dinit         0x9d002020      0x120 data_init

.text           0x9d00218c      0x110
 .text          0x9d00218c      0x110 /opt/microchip/xc32/v1.44/bin/bin/../../lib/gcc/pic32mx/4.8.3/../../../../pic32mx/lib/micromips/libpic32.a(strlen.o)
                0x9d00218d                strlen

.text.strncmp   0x9d002658       0x94
 .text.strncmp  0x9d002658       0x94 /opt/microchip/xc32/v1.44/bin/bin/../../lib/gcc/pic32mx/4.8.3/../../../../pic32mx/lib/micromips/liblega-c.a(strncmp.o)
                0x9d002659                strncmp

.text._outcnvrt
                0x9d0026ec       0x90
 .text._outcnvrt
                0x9d0026ec       0x90 /opt/microchip/xc32/v1.44/bin/bin/../../lib/gcc/pic32mx/4.8.3/../../../../pic32mx/lib/micromips/liblega-c.a(_doprnt_cdnopuxX.eo)

.text._flsbuf_simple
                0x9d00277c       0x80
 .text._flsbuf_simple
                0x9d00277c       0x80 /opt/microchip/xc32/v1.44/bin/bin/../../lib/gcc/pic32mx/4.8.3/../../../../pic32mx/lib/micromips/liblega-c.a(_iobfuncs.o)
                0x9d00277d                _flsbuf_simple

.text.repl.constprop.0
                0x9d003818       0x5c
 .text.repl.constprop.0
                0x9d003818       0x5c /opt/microchip/xc32/v1.44/bin/bin/../../lib/gcc/pic32mx/4.8.3/../../../../pic32mx/lib/micromips/liblega-c.a(_doprnt_cdnopuxX.eo)

.text.fputc     0x9d003874       0x54
 .text.fputc    0x9d003874       0x54 /opt/microchip/xc32/v1.44/bin/bin/../../lib/gcc/pic32mx/4.8.3/../../../../pic32mx/lib/micromips/liblega-c.a(fputc.o)
                0x9d003875                fputc

.text._sprintf_cdnopuxX
                0x9d0038c8       0x48
 .text._sprintf_cdnopuxX
                0x9d0038c8       0x48 /opt/microchip/xc32/v1.44/bin/bin/../../lib/gcc/pic32mx/4.8.3/../../../../pic32mx/lib/micromips/liblega-c.a(sprintf_cdnopuxX.eo)
                0x9d0038c9                _sprintf_cdnopuxX

.text.main_entry
                0x9d003910       0x44
 .text.main_entry
                0x9d003910       0x44 /opt/microchip/xc32/v1.44/bin/bin/../../lib/gcc/pic32mx/4.8.3/../../../../pic32mx/lib/./proc/32MM0064GPL028/crt0_micromips.o
                0x9d00393b                __crt0_exit

.text._fflush_simple
                0x9d003954       0x44
 .text._fflush_simple
                0x9d003954       0x44 /opt/microchip/xc32/v1.44/bin/bin/../../lib/gcc/pic32mx/4.8.3/../../../../pic32mx/lib/micromips/liblega-c.a(_iobfuncs.o)
                0x9d003955                _fflush_simple

.text._fwrite_simple
                0x9d003998       0x44
 .text._fwrite_simple
                0x9d003998       0x44 /opt/microchip/xc32/v1.44/bin/bin/../../lib/gcc/pic32mx/4.8.3/../../../../pic32mx/lib/micromips/liblega-c.a(_iobfuncs.o)
                0x9d003999                _fwrite_simple

.text           0x9d0039dc       0x40
 .text          0x9d0039dc       0x40 /opt/microchip/xc32/v1.44/bin/bin/../../lib/gcc/pic32mx/4.8.3/../../../../pic32mx/lib/micromips/pic32_software_reset-mm.o
                0x9d0039dd                __pic32_software_reset

.rodata         0x9d003a1c       0x58
 .rodata        0x9d003a1c       0x30 build/uart/production/main.o
 .rodata        0x9d003a4c       0x28 /opt/microchip/xc32/v1.44/bin/bin/../../lib/gcc/pic32mx/4.8.3/../../../../pic32mx/lib/micromips/liblega-c.a(_doprnt_cdnopuxX.eo)

.text._mon_write
                0x9d003a74       0x24
 .text._mon_write
                0x9d003a74       0x24 /opt/microchip/xc32/v1.44/bin/bin/../../lib/gcc/pic32mx/4.8.3/../../../../pic32mx/lib/micromips/libpic32.a(_mon_write.o)
                0x9d003a75                _mon_write

.text._filbuf_simple
                0x9d003a98       0x20
 .text._filbuf_simple
                0x9d003a98       0x20 /opt/microchip/xc32/v1.44/bin/bin/../../lib/gcc/pic32mx/4.8.3/../../../../pic32mx/lib/micromips/liblega-c.a(_iobfuncs.o)
                0x9d003a99                _filbuf_simple

.text._fsync_simple
                0x9d00229c       0x1c
 .text._fsync_simple
                0x9d00229c       0x1c /opt/microchip/xc32/v1.44/bin/bin/../../lib/gcc/pic32mx/4.8.3/../../../../pic32mx/lib/micromips/liblega-c.a(_iobfuncs.o)
                0x9d00229d                _fsync_simple

.text.putchar   0x9d003ab8       0x1c
 .text.putchar  0x9d003ab8       0x1c /opt/microchip/xc32/v1.44/bin/bin/../../lib/gcc/pic32mx/4.8.3/../../../../pic32mx/lib/micromips/liblega-c.a(fputc.o)
                0x9d003ab9                putchar

.text           0x9d002168       0x18
 .text          0x9d002168       0x18 /opt/microchip/xc32/v1.44/bin/bin/../../lib/gcc/pic32mx/4.8.3/../../../../pic32mx/lib/micromips/libpic32.a(default-nmi-handler.o)
                0x9d002169                _nmi_handler

.text._vfprintf_cdnopuxX
                0x9d00214c       0x14
 .text._vfprintf_cdnopuxX
                0x9d00214c       0x14 /opt/microchip/xc32/v1.44/bin/bin/../../lib/gcc/pic32mx/4.8.3/../../../../pic32mx/lib/micromips/liblega-c.a(_doprnt_cdnopuxX.eo)
                0x9d00214d                _vfprintf_cdnopuxX

.rodata         0x9d003ad4       0x28
 .rodata        0x9d003ad4       0x14 /opt/microchip/xc32/v1.44/bin/bin/../../lib/gcc/pic32mx/4.8.3/../../../../pic32mx/lib/micromips/liblega-c.a(_iobdata.o)
                0x9d003ad4                _io_funcs
 .rodata        0x9d003ae8       0x14 /opt/microchip/xc32/v1.44/bin/bin/../../lib/gcc/pic32mx/4.8.3/../../../../pic32mx/lib/micromips/liblega-c.a(_iobstring.o)
                0x9d003ae8                _io_strfuncs

.text.putc      0x9d003afc       0x14
 .text.putc     0x9d003afc       0x14 /opt/microchip/xc32/v1.44/bin/bin/../../lib/gcc/pic32mx/4.8.3/../../../../pic32mx/lib/micromips/liblega-c.a(fputc.o)
                0x9d003afd                putc

.text._io_exit  0x9d003b10       0x20
 .text._io_exit
                0x9d003b10       0x10 /opt/microchip/xc32/v1.44/bin/bin/../../lib/gcc/pic32mx/4.8.3/../../../../pic32mx/lib/micromips/liblega-c.a(_doprnt_cdnopuxX.eo)
                0x9d003b11                _io_exit
 .text._io_exit
                0x9d003b20       0x10 /opt/microchip/xc32/v1.44/bin/bin/../../lib/gcc/pic32mx/4.8.3/../../../../pic32mx/lib/micromips/liblega-c.a(_iobfuncs.o)

.text._on_reset
                0x9d0027fc        0x4
 .text._on_reset
                0x9d0027fc        0x4 /opt/microchip/xc32/v1.44/bin/bin/../../lib/gcc/pic32mx/4.8.3/../../../../pic32mx/lib/micromips/libpic32.a(default-on-reset.o)
                0x9d0027fd                _on_reset

.text._on_bootstrap
                0x9d003b30        0x4
 .text._on_bootstrap